Archive member included to satisfy reference by file (symbol)

/home/monko/Ac6/SystemWorkbench/plugins/fr.ac6.mcu.externaltools.arm-none.linux64_1.17.0.201812190825/tools/compiler/bin/../lib/gcc/arm-none-eabi/7.3.1/../../../../arm-none-eabi/lib/thumb/v7-m/libc.a(lib_a-errno.o)
                              src/syscalls.o (__errno)
/home/monko/Ac6/SystemWorkbench/plugins/fr.ac6.mcu.externaltools.arm-none.linux64_1.17.0.201812190825/tools/compiler/bin/../lib/gcc/arm-none-eabi/7.3.1/../../../../arm-none-eabi/lib/thumb/v7-m/libc.a(lib_a-exit.o)
                              /home/monko/Ac6/SystemWorkbench/plugins/fr.ac6.mcu.externaltools.arm-none.linux64_1.17.0.201812190825/tools/compiler/bin/../lib/gcc/arm-none-eabi/7.3.1/../../../../arm-none-eabi/lib/thumb/v7-m/crt0.o (exit)
/home/monko/Ac6/SystemWorkbench/plugins/fr.ac6.mcu.externaltools.arm-none.linux64_1.17.0.201812190825/tools/compiler/bin/../lib/gcc/arm-none-eabi/7.3.1/../../../../arm-none-eabi/lib/thumb/v7-m/libc.a(lib_a-impure.o)
                              /home/monko/Ac6/SystemWorkbench/plugins/fr.ac6.mcu.externaltools.arm-none.linux64_1.17.0.201812190825/tools/compiler/bin/../lib/gcc/arm-none-eabi/7.3.1/../../../../arm-none-eabi/lib/thumb/v7-m/libc.a(lib_a-exit.o) (_global_impure_ptr)
/home/monko/Ac6/SystemWorkbench/plugins/fr.ac6.mcu.externaltools.arm-none.linux64_1.17.0.201812190825/tools/compiler/bin/../lib/gcc/arm-none-eabi/7.3.1/../../../../arm-none-eabi/lib/thumb/v7-m/libc.a(lib_a-init.o)
                              /home/monko/Ac6/SystemWorkbench/plugins/fr.ac6.mcu.externaltools.arm-none.linux64_1.17.0.201812190825/tools/compiler/bin/../lib/gcc/arm-none-eabi/7.3.1/../../../../arm-none-eabi/lib/thumb/v7-m/crt0.o (__libc_init_array)
/home/monko/Ac6/SystemWorkbench/plugins/fr.ac6.mcu.externaltools.arm-none.linux64_1.17.0.201812190825/tools/compiler/bin/../lib/gcc/arm-none-eabi/7.3.1/../../../../arm-none-eabi/lib/thumb/v7-m/libc.a(lib_a-memset.o)
                              /home/monko/Ac6/SystemWorkbench/plugins/fr.ac6.mcu.externaltools.arm-none.linux64_1.17.0.201812190825/tools/compiler/bin/../lib/gcc/arm-none-eabi/7.3.1/../../../../arm-none-eabi/lib/thumb/v7-m/crt0.o (memset)
/home/monko/Ac6/SystemWorkbench/plugins/fr.ac6.mcu.externaltools.arm-none.linux64_1.17.0.201812190825/tools/compiler/bin/../lib/gcc/arm-none-eabi/7.3.1/../../../../arm-none-eabi/lib/thumb/v7-m/libc.a(lib_a-__call_atexit.o)
                              /home/monko/Ac6/SystemWorkbench/plugins/fr.ac6.mcu.externaltools.arm-none.linux64_1.17.0.201812190825/tools/compiler/bin/../lib/gcc/arm-none-eabi/7.3.1/../../../../arm-none-eabi/lib/thumb/v7-m/libc.a(lib_a-exit.o) (__call_exitprocs)
/home/monko/Ac6/SystemWorkbench/plugins/fr.ac6.mcu.externaltools.arm-none.linux64_1.17.0.201812190825/tools/compiler/bin/../lib/gcc/arm-none-eabi/7.3.1/../../../../arm-none-eabi/lib/thumb/v7-m/libc.a(lib_a-atexit.o)
                              /home/monko/Ac6/SystemWorkbench/plugins/fr.ac6.mcu.externaltools.arm-none.linux64_1.17.0.201812190825/tools/compiler/bin/../lib/gcc/arm-none-eabi/7.3.1/../../../../arm-none-eabi/lib/thumb/v7-m/libc.a(lib_a-__call_atexit.o) (atexit)
/home/monko/Ac6/SystemWorkbench/plugins/fr.ac6.mcu.externaltools.arm-none.linux64_1.17.0.201812190825/tools/compiler/bin/../lib/gcc/arm-none-eabi/7.3.1/../../../../arm-none-eabi/lib/thumb/v7-m/libc.a(lib_a-fini.o)
                              /home/monko/Ac6/SystemWorkbench/plugins/fr.ac6.mcu.externaltools.arm-none.linux64_1.17.0.201812190825/tools/compiler/bin/../lib/gcc/arm-none-eabi/7.3.1/../../../../arm-none-eabi/lib/thumb/v7-m/libc.a(lib_a-__call_atexit.o) (__libc_fini_array)
/home/monko/Ac6/SystemWorkbench/plugins/fr.ac6.mcu.externaltools.arm-none.linux64_1.17.0.201812190825/tools/compiler/bin/../lib/gcc/arm-none-eabi/7.3.1/../../../../arm-none-eabi/lib/thumb/v7-m/libc.a(lib_a-lock.o)
                              /home/monko/Ac6/SystemWorkbench/plugins/fr.ac6.mcu.externaltools.arm-none.linux64_1.17.0.201812190825/tools/compiler/bin/../lib/gcc/arm-none-eabi/7.3.1/../../../../arm-none-eabi/lib/thumb/v7-m/libc.a(lib_a-__call_atexit.o) (__retarget_lock_acquire_recursive)
/home/monko/Ac6/SystemWorkbench/plugins/fr.ac6.mcu.externaltools.arm-none.linux64_1.17.0.201812190825/tools/compiler/bin/../lib/gcc/arm-none-eabi/7.3.1/../../../../arm-none-eabi/lib/thumb/v7-m/libc.a(lib_a-__atexit.o)
                              /home/monko/Ac6/SystemWorkbench/plugins/fr.ac6.mcu.externaltools.arm-none.linux64_1.17.0.201812190825/tools/compiler/bin/../lib/gcc/arm-none-eabi/7.3.1/../../../../arm-none-eabi/lib/thumb/v7-m/libc.a(lib_a-atexit.o) (__register_exitproc)

Allocating common symbols
Common symbol       size              file

__lock___atexit_recursive_mutex
                    0x1               /home/monko/Ac6/SystemWorkbench/plugins/fr.ac6.mcu.externaltools.arm-none.linux64_1.17.0.201812190825/tools/compiler/bin/../lib/gcc/arm-none-eabi/7.3.1/../../../../arm-none-eabi/lib/thumb/v7-m/libc.a(lib_a-lock.o)
[...]
Memory Configuration

Name             Origin             Length             Attributes
RAM              0x0000000020000000 0x0000000000005000 xrw
ROM              0x0000000008000000 0x0000000000010000 xr
*default*        0x0000000000000000 0xffffffffffffffff

Linker script and memory map

LOAD /home/monko/Ac6/SystemWorkbench/plugins/fr.ac6.mcu.externaltools.arm-none.linux64_1.17.0.201812190825/tools/compiler/bin/../lib/gcc/arm-none-eabi/7.3.1/thumb/v7-m/crti.o
LOAD /home/monko/Ac6/SystemWorkbench/plugins/fr.ac6.mcu.externaltools.arm-none.linux64_1.17.0.201812190825/tools/compiler/bin/../lib/gcc/arm-none-eabi/7.3.1/thumb/v7-m/crtbegin.o
LOAD /home/monko/Ac6/SystemWorkbench/plugins/fr.ac6.mcu.externaltools.arm-none.linux64_1.17.0.201812190825/tools/compiler/bin/../lib/gcc/arm-none-eabi/7.3.1/../../../../arm-none-eabi/lib/thumb/v7-m/crt0.o
LOAD CMSIS/core/core_cm3.o
LOAD StdPeriph_Driver/src/misc.o
LOAD StdPeriph_Driver/src/stm32f10x_adc.o
LOAD StdPeriph_Driver/src/stm32f10x_bkp.o
LOAD StdPeriph_Driver/src/stm32f10x_can.o
LOAD StdPeriph_Driver/src/stm32f10x_cec.o
LOAD StdPeriph_Driver/src/stm32f10x_crc.o
LOAD StdPeriph_Driver/src/stm32f10x_dac.o
LOAD StdPeriph_Driver/src/stm32f10x_dbgmcu.o
LOAD StdPeriph_Driver/src/stm32f10x_dma.o
LOAD StdPeriph_Driver/src/stm32f10x_exti.o
LOAD StdPeriph_Driver/src/stm32f10x_flash.o
LOAD StdPeriph_Driver/src/stm32f10x_fsmc.o
LOAD StdPeriph_Driver/src/stm32f10x_gpio.o
LOAD StdPeriph_Driver/src/stm32f10x_i2c.o
LOAD StdPeriph_Driver/src/stm32f10x_iwdg.o
LOAD StdPeriph_Driver/src/stm32f10x_pwr.o
LOAD StdPeriph_Driver/src/stm32f10x_rcc.o
LOAD StdPeriph_Driver/src/stm32f10x_rtc.o
LOAD StdPeriph_Driver/src/stm32f10x_sdio.o
LOAD StdPeriph_Driver/src/stm32f10x_spi.o
LOAD StdPeriph_Driver/src/stm32f10x_tim.o
LOAD StdPeriph_Driver/src/stm32f10x_usart.o
LOAD StdPeriph_Driver/src/stm32f10x_wwdg.o
LOAD src/configuration.o
LOAD src/ds18b20.o
LOAD src/i2c.o
LOAD src/keyboard.o
LOAD src/lcd.o
LOAD src/main.o
LOAD src/mainmenu.o
LOAD src/one_wire.o
LOAD src/radio2401l.o
LOAD src/spi_driver.o
LOAD src/syscalls.o
LOAD src/system_stm32f10x.o
LOAD src/timer.o
LOAD startup/startup_stm32.o
LOAD /home/monko/Ac6/SystemWorkbench/plugins/fr.ac6.mcu.externaltools.arm-none.linux64_1.17.0.201812190825/tools/compiler/bin/../lib/gcc/arm-none-eabi/7.3.1/../../../../arm-none-eabi/lib/thumb/v7-m/libm.a
START GROUP
LOAD /home/monko/Ac6/SystemWorkbench/plugins/fr.ac6.mcu.externaltools.arm-none.linux64_1.17.0.201812190825/tools/compiler/bin/../lib/gcc/arm-none-eabi/7.3.1/thumb/v7-m/libgcc.a
LOAD /home/monko/Ac6/SystemWorkbench/plugins/fr.ac6.mcu.externaltools.arm-none.linux64_1.17.0.201812190825/tools/compiler/bin/../lib/gcc/arm-none-eabi/7.3.1/../../../../arm-none-eabi/lib/thumb/v7-m/libc.a
END GROUP
LOAD /home/monko/Ac6/SystemWorkbench/plugins/fr.ac6.mcu.externaltools.arm-none.linux64_1.17.0.201812190825/tools/compiler/bin/../lib/gcc/arm-none-eabi/7.3.1/thumb/v7-m/crtend.o
LOAD /home/monko/Ac6/SystemWorkbench/plugins/fr.ac6.mcu.externaltools.arm-none.linux64_1.17.0.201812190825/tools/compiler/bin/../lib/gcc/arm-none-eabi/7.3.1/thumb/v7-m/crtn.o
                0x0000000020005000                _estack = 0x20005000
                0x0000000000000000                _Min_Heap_Size = 0x0
                0x0000000000000400                _Min_Stack_Size = 0x400

.isr_vector     0x0000000008000000      0x130
                0x0000000008000000                . = ALIGN (0x4)
 *(.isr_vector)
 .isr_vector    0x0000000008000000      0x130 startup/startup_stm32.o
                0x0000000008000000                g_pfnVectors
                0x0000000008000130                . = ALIGN (0x4)

.text           0x0000000008000130     0x10b0
                0x0000000008000130                . = ALIGN (0x4)
 *(.text)
 .text          0x0000000008000130       0x40 /home/monko/Ac6/SystemWorkbench/plugins/fr.ac6.mcu.externaltools.arm-none.linux64_1.17.0.201812190825/tools/compiler/bin/../lib/gcc/arm-none-eabi/7.3.1/thumb/v7-m/crtbegin.o
 *(.text*)
 .text.EXTI_GetITStatus
                0x0000000008000170       0x20 StdPeriph_Driver/src/stm32f10x_exti.o
                0x0000000008000170                EXTI_GetITStatus
 .text.EXTI_ClearITPendingBit
                0x0000000008000190        0xc StdPeriph_Driver/src/stm32f10x_exti.o
                0x0000000008000190                EXTI_ClearITPendingBit
 .text.GPIO_Init
                0x000000000800019c       0x9e StdPeriph_Driver/src/stm32f10x_gpio.o
                0x000000000800019c                GPIO_Init
 .text.GPIO_StructInit
                0x000000000800023a       0x10 StdPeriph_Driver/src/stm32f10x_gpio.o
                0x000000000800023a                GPIO_StructInit
 .text.GPIO_ReadInputDataBit
                0x000000000800024a        0xe StdPeriph_Driver/src/stm32f10x_gpio.o
                0x000000000800024a                GPIO_ReadInputDataBit
 .text.GPIO_WriteBit
                0x0000000008000258        0xa StdPeriph_Driver/src/stm32f10x_gpio.o
                0x0000000008000258                GPIO_WriteBit
 *fill*         0x0000000008000262        0x2 
 .text.GPIO_EXTILineConfig
                0x0000000008000264       0x34 StdPeriph_Driver/src/stm32f10x_gpio.o
                0x0000000008000264                GPIO_EXTILineConfig
 .text.RCC_GetClocksFreq
                0x0000000008000298       0xb8 StdPeriph_Driver/src/stm32f10x_rcc.o
                0x0000000008000298                RCC_GetClocksFreq
 .text.RCC_APB2PeriphClockCmd
                0x0000000008000350       0x1c StdPeriph_Driver/src/stm32f10x_rcc.o
                0x0000000008000350                RCC_APB2PeriphClockCmd
 .text.RCC_APB1PeriphClockCmd
                0x000000000800036c       0x1c StdPeriph_Driver/src/stm32f10x_rcc.o
                0x000000000800036c                RCC_APB1PeriphClockCmd
 .text.SPI_Init
                0x0000000008000388       0x4c StdPeriph_Driver/src/stm32f10x_spi.o
                0x0000000008000388                SPI_Init
 .text.SPI_StructInit
                0x00000000080003d4       0x18 StdPeriph_Driver/src/stm32f10x_spi.o
                0x00000000080003d4                SPI_StructInit
 .text.SPI_Cmd  0x00000000080003ec       0x1a StdPeriph_Driver/src/stm32f10x_spi.o
                0x00000000080003ec                SPI_Cmd
 .text.SPI_I2S_SendData
                0x0000000008000406        0x4 StdPeriph_Driver/src/stm32f10x_spi.o
                0x0000000008000406                SPI_I2S_SendData
 .text.SPI_I2S_ReceiveData
                0x000000000800040a        0x4 StdPeriph_Driver/src/stm32f10x_spi.o
                0x000000000800040a                SPI_I2S_ReceiveData
 .text.SPI_I2S_GetFlagStatus
                0x000000000800040e        0xe StdPeriph_Driver/src/stm32f10x_spi.o
                0x000000000800040e                SPI_I2S_GetFlagStatus
 .text.TIM_TimeBaseInit
                0x000000000800041c       0x94 StdPeriph_Driver/src/stm32f10x_tim.o
                0x000000000800041c                TIM_TimeBaseInit
 .text.TIM_OC1Init
                0x00000000080004b0       0x84 StdPeriph_Driver/src/stm32f10x_tim.o
                0x00000000080004b0                TIM_OC1Init
 .text.TIM_TimeBaseStructInit
                0x0000000008000534       0x12 StdPeriph_Driver/src/stm32f10x_tim.o
                0x0000000008000534                TIM_TimeBaseStructInit
 .text.TIM_OCStructInit
                0x0000000008000546       0x14 StdPeriph_Driver/src/stm32f10x_tim.o
                0x0000000008000546                TIM_OCStructInit
 .text.TIM_Cmd  0x000000000800055a       0x1a StdPeriph_Driver/src/stm32f10x_tim.o
                0x000000000800055a                TIM_Cmd
 .text.TIM_SetCounter
                0x0000000008000574        0x4 StdPeriph_Driver/src/stm32f10x_tim.o
                0x0000000008000574                TIM_SetCounter
 .text.TIM_GetCounter
                0x0000000008000578        0x4 StdPeriph_Driver/src/stm32f10x_tim.o
                0x0000000008000578                TIM_GetCounter
 .text.TIM_GetITStatus
                0x000000000800057c       0x18 StdPeriph_Driver/src/stm32f10x_tim.o
                0x000000000800057c                TIM_GetITStatus
 .text.TIM_ClearITPendingBit
                0x0000000008000594        0x8 StdPeriph_Driver/src/stm32f10x_tim.o
                0x0000000008000594                TIM_ClearITPendingBit
 .text.TIM3_IRQHandler
                0x000000000800059c       0x38 src/configuration.o
                0x000000000800059c                TIM3_IRQHandler
 .text.EXTI0_IRQHandler
                0x00000000080005d4       0x5c src/configuration.o
                0x00000000080005d4                EXTI0_IRQHandler
 .text.EXTI1_IRQHandler
                0x0000000008000630       0x5c src/configuration.o
                0x0000000008000630                EXTI1_IRQHandler
 .text.EXTI2_IRQHandler
                0x000000000800068c       0x5c src/configuration.o
                0x000000000800068c                EXTI2_IRQHandler
 .text.EXTI3_IRQHandler
                0x00000000080006e8       0x5c src/configuration.o
                0x00000000080006e8                EXTI3_IRQHandler
 .text.enable_clocks
                0x0000000008000744       0x42 src/configuration.o
                0x0000000008000744                enable_clocks
 *fill*         0x0000000008000786        0x2 
 .text.configure_timers
                0x0000000008000788       0x84 src/configuration.o
                0x0000000008000788                configure_timers
 .text.configure_gpio
                0x000000000800080c       0xac src/configuration.o
                0x000000000800080c                configure_gpio
 .text.configure_spi
                0x00000000080008b8       0xc8 src/configuration.o
                0x00000000080008b8                configure_spi
 .text.configure_for_receiver
                0x0000000008000980       0x4c src/configuration.o
                0x0000000008000980                configure_for_receiver
 .text.ds18b20_convert_temp
                0x00000000080009cc       0x20 src/ds18b20.o
                0x00000000080009cc                ds18b20_convert_temp
 .text.ds18b20_read_scrachtpad
                0x00000000080009ec       0x28 src/ds18b20.o
                0x00000000080009ec                ds18b20_read_scrachtpad
 .text.ds18b20_read_temp_into_buffer
                0x0000000008000a14        0xa src/ds18b20.o
                0x0000000008000a14                ds18b20_read_temp_into_buffer
 *fill*         0x0000000008000a1e        0x2 
 .text.ds18b20_write_scrachpad
                0x0000000008000a20       0x34 src/ds18b20.o
                0x0000000008000a20                ds18b20_write_scrachpad
 .text.ds18b20_eeprom_copy
                0x0000000008000a54       0x24 src/ds18b20.o
                0x0000000008000a54                ds18b20_eeprom_copy
 .text.ds18b20_verify_scrachpad
                0x0000000008000a78       0x3c src/ds18b20.o
                0x0000000008000a78                ds18b20_verify_scrachpad
 .text.ds18b20_configure
                0x0000000008000ab4       0x1e src/ds18b20.o
                0x0000000008000ab4                ds18b20_configure
 *fill*         0x0000000008000ad2        0x2 
 .text.ds18b20_get_buffer
                0x0000000008000ad4        0x8 src/ds18b20.o
                0x0000000008000ad4                ds18b20_get_buffer
 .text.keyboard_reset_rows
                0x0000000008000adc       0x34 src/keyboard.o
                0x0000000008000adc                keyboard_reset_rows
 .text.handle_pressed_key
                0x0000000008000b10       0x60 src/keyboard.o
                0x0000000008000b10                handle_pressed_key
 .text.loop_receiver
                0x0000000008000b70       0x44 src/main.o
                0x0000000008000b70                loop_receiver
 .text.main     0x0000000008000bb4       0x28 src/main.o
                0x0000000008000bb4                main
 .text.menu_handle_button_pressed
                0x0000000008000bdc       0x10 src/mainmenu.o
                0x0000000008000bdc                menu_handle_button_pressed
 .text.one_wire_set_pin
                0x0000000008000bec       0x1c src/one_wire.o
                0x0000000008000bec                one_wire_set_pin
 .text.one_wire_reset_pulse
                0x0000000008000c08       0x48 src/one_wire.o
                0x0000000008000c08                one_wire_reset_pulse
 .text.one_wire_send_one
                0x0000000008000c50       0x30 src/one_wire.o
                0x0000000008000c50                one_wire_send_one
 .text.one_wire_send_zero
                0x0000000008000c80       0x30 src/one_wire.o
                0x0000000008000c80                one_wire_send_zero
 .text.one_wire_send
                0x0000000008000cb0       0x34 src/one_wire.o
                0x0000000008000cb0                one_wire_send
 .text.one_wire_read_bit
                0x0000000008000ce4       0x38 src/one_wire.o
                0x0000000008000ce4                one_wire_read_bit
 .text.one_wire_read
                0x0000000008000d1c       0x3a src/one_wire.o
                0x0000000008000d1c                one_wire_read
 .text.one_wire_wait_till_complete
                0x0000000008000d56        0xc src/one_wire.o
                0x0000000008000d56                one_wire_wait_till_complete
 *fill*         0x0000000008000d62        0x2 
 .text.configure_chip_enable
                0x0000000008000d64       0x14 src/radio2401l.o
                0x0000000008000d64                configure_chip_enable
 .text.write_to_register
                0x0000000008000d78       0x28 src/radio2401l.o
                0x0000000008000d78                write_to_register
 .text.write_to_register_multiple_bytes
                0x0000000008000da0       0x34 src/radio2401l.o
                0x0000000008000da0                write_to_register_multiple_bytes
 .text.configure_as_receiver
                0x0000000008000dd4       0x54 src/radio2401l.o
                0x0000000008000dd4                configure_as_receiver
 .text.spi_cs_down
                0x0000000008000e28       0x14 src/spi_driver.o
                0x0000000008000e28                spi_cs_down
 .text.spi_cs_up
                0x0000000008000e3c       0x14 src/spi_driver.o
                0x0000000008000e3c                spi_cs_up
 .text.spi_send_receive
                0x0000000008000e50       0x34 src/spi_driver.o
                0x0000000008000e50                spi_send_receive
 .text.configure_cs
                0x0000000008000e84       0x14 src/spi_driver.o
                0x0000000008000e84                configure_cs
 .text.SetSysClockTo72
                0x0000000008000e98       0xc4 src/system_stm32f10x.o
 .text.SetSysClock
                0x0000000008000f5c        0x8 src/system_stm32f10x.o
 .text.SystemInit
                0x0000000008000f64       0x50 src/system_stm32f10x.o
                0x0000000008000f64                SystemInit
 .text.delay_us
                0x0000000008000fb4       0x2c src/timer.o
                0x0000000008000fb4                delay_us
 .text.delay_ms
                0x0000000008000fe0       0x30 src/timer.o
                0x0000000008000fe0                delay_ms
 .text.Reset_Handler
                0x0000000008001010       0x50 startup/startup_stm32.o
                0x0000000008001010                Reset_Handler
 .text.Default_Handler
                0x0000000008001060        0x2 startup/startup_stm32.o
                0x0000000008001060                TIM8_TRG_COM_IRQHandler
                0x0000000008001060                TIM8_CC_IRQHandler
                0x0000000008001060                DebugMon_Handler
                0x0000000008001060                TIM1_CC_IRQHandler
                0x0000000008001060                HardFault_Handler
                0x0000000008001060                TIM6_IRQHandler
                0x0000000008001060                SysTick_Handler
                0x0000000008001060                PVD_IRQHandler
                0x0000000008001060                SDIO_IRQHandler
                0x0000000008001060                PendSV_Handler
                0x0000000008001060                NMI_Handler
                0x0000000008001060                USB_HP_CAN_TX_IRQHandler
                0x0000000008001060                I2C2_EV_IRQHandler
                0x0000000008001060                UsageFault_Handler
                0x0000000008001060                ADC1_2_IRQHandler
                0x0000000008001060                SPI1_IRQHandler
                0x0000000008001060                CAN_SCE_IRQHandler
                0x0000000008001060                TAMPER_IRQHandler
                0x0000000008001060                TIM8_UP_IRQHandler
                0x0000000008001060                DMA2_Channel2_IRQHandler
                0x0000000008001060                DMA1_Channel4_IRQHandler
                0x0000000008001060                USART3_IRQHandler
                0x0000000008001060                RTC_IRQHandler
                0x0000000008001060                DMA1_Channel7_IRQHandler
                0x0000000008001060                UART5_IRQHandler
                0x0000000008001060                ADC3_IRQHandler
                0x0000000008001060                TIM4_IRQHandler
                0x0000000008001060                CAN_RX1_IRQHandler
                0x0000000008001060                DMA2_Channel1_IRQHandler
                0x0000000008001060                I2C1_EV_IRQHandler
                0x0000000008001060                DMA1_Channel6_IRQHandler
                0x0000000008001060                UART4_IRQHandler
                0x0000000008001060                RCC_IRQHandler
                0x0000000008001060                TIM1_TRG_COM_IRQHandler
                0x0000000008001060                DMA1_Channel1_IRQHandler
                0x0000000008001060                Default_Handler
                0x0000000008001060                EXTI15_10_IRQHandler
                0x0000000008001060                TIM7_IRQHandler
                0x0000000008001060                TIM5_IRQHandler
                0x0000000008001060                EXTI9_5_IRQHandler
                0x0000000008001060                SPI2_IRQHandler
                0x0000000008001060                USB_LP_CAN_RX0_IRQHandler
                0x0000000008001060                MemManage_Handler
                0x0000000008001060                SVC_Handler
                0x0000000008001060                DMA1_Channel5_IRQHandler
                0x0000000008001060                EXTI4_IRQHandler
                0x0000000008001060                DMA1_Channel3_IRQHandler
                0x0000000008001060                FSMC_IRQHandler
                0x0000000008001060                TIM1_UP_IRQHandler
                0x0000000008001060                WWDG_IRQHandler
                0x0000000008001060                TIM2_IRQHandler
                0x0000000008001060                TIM1_BRK_IRQHandler
                0x0000000008001060                RTCAlarm_IRQHandler
                0x0000000008001060                DMA2_Channel4_5_IRQHandler
                0x0000000008001060                USART2_IRQHandler
                0x0000000008001060                I2C2_ER_IRQHandler
                0x0000000008001060                DMA1_Channel2_IRQHandler
                0x0000000008001060                TIM8_BRK_IRQHandler
                0x0000000008001060                FLASH_IRQHandler
                0x0000000008001060                BusFault_Handler
                0x0000000008001060                USART1_IRQHandler
                0x0000000008001060                SPI3_IRQHandler
                0x0000000008001060                I2C1_ER_IRQHandler
                0x0000000008001060                DMA2_Channel3_IRQHandler
 *fill*         0x0000000008001062        0x2 
 .text.__libc_init_array
                0x0000000008001064       0x48 /home/monko/Ac6/SystemWorkbench/plugins/fr.ac6.mcu.externaltools.arm-none.linux64_1.17.0.201812190825/tools/compiler/bin/../lib/gcc/arm-none-eabi/7.3.1/../../../../arm-none-eabi/lib/thumb/v7-m/libc.a(lib_a-init.o)
                0x0000000008001064                __libc_init_array
 .text.startup.register_fini
                0x00000000080010ac       0x14 /home/monko/Ac6/SystemWorkbench/plugins/fr.ac6.mcu.externaltools.arm-none.linux64_1.17.0.201812190825/tools/compiler/bin/../lib/gcc/arm-none-eabi/7.3.1/../../../../arm-none-eabi/lib/thumb/v7-m/libc.a(lib_a-__call_atexit.o)
 .text.atexit   0x00000000080010c0        0xc /home/monko/Ac6/SystemWorkbench/plugins/fr.ac6.mcu.externaltools.arm-none.linux64_1.17.0.201812190825/tools/compiler/bin/../lib/gcc/arm-none-eabi/7.3.1/../../../../arm-none-eabi/lib/thumb/v7-m/libc.a(lib_a-atexit.o)
                0x00000000080010c0                atexit
 .text.__libc_fini_array
                0x00000000080010cc       0x34 /home/monko/Ac6/SystemWorkbench/plugins/fr.ac6.mcu.externaltools.arm-none.linux64_1.17.0.201812190825/tools/compiler/bin/../lib/gcc/arm-none-eabi/7.3.1/../../../../arm-none-eabi/lib/thumb/v7-m/libc.a(lib_a-fini.o)
                0x00000000080010cc                __libc_fini_array
 .text.__retarget_lock_acquire_recursive
                0x0000000008001100        0x4 /home/monko/Ac6/SystemWorkbench/plugins/fr.ac6.mcu.externaltools.arm-none.linux64_1.17.0.201812190825/tools/compiler/bin/../lib/gcc/arm-none-eabi/7.3.1/../../../../arm-none-eabi/lib/thumb/v7-m/libc.a(lib_a-lock.o)
                0x0000000008001100                __retarget_lock_acquire_recursive
 .text.__retarget_lock_release_recursive
                0x0000000008001104        0x4 /home/monko/Ac6/SystemWorkbench/plugins/fr.ac6.mcu.externaltools.arm-none.linux64_1.17.0.201812190825/tools/compiler/bin/../lib/gcc/arm-none-eabi/7.3.1/../../../../arm-none-eabi/lib/thumb/v7-m/libc.a(lib_a-lock.o)
                0x0000000008001104                __retarget_lock_release_recursive
 .text.__register_exitproc
                0x0000000008001108       0xc0 /home/monko/Ac6/SystemWorkbench/plugins/fr.ac6.mcu.externaltools.arm-none.linux64_1.17.0.201812190825/tools/compiler/bin/../lib/gcc/arm-none-eabi/7.3.1/../../../../arm-none-eabi/lib/thumb/v7-m/libc.a(lib_a-__atexit.o)
                0x0000000008001108                __register_exitproc
 *(.glue_7)
 .glue_7        0x00000000080011c8        0x0 linker stubs
 *(.glue_7t)
 .glue_7t       0x00000000080011c8        0x0 linker stubs
 *(.eh_frame)
 .eh_frame      0x00000000080011c8        0x0 /home/monko/Ac6/SystemWorkbench/plugins/fr.ac6.mcu.externaltools.arm-none.linux64_1.17.0.201812190825/tools/compiler/bin/../lib/gcc/arm-none-eabi/7.3.1/thumb/v7-m/crtbegin.o
 *(.init)
 .init          0x00000000080011c8        0x4 /home/monko/Ac6/SystemWorkbench/plugins/fr.ac6.mcu.externaltools.arm-none.linux64_1.17.0.201812190825/tools/compiler/bin/../lib/gcc/arm-none-eabi/7.3.1/thumb/v7-m/crti.o
                0x00000000080011c8                _init
 .init          0x00000000080011cc        0x8 /home/monko/Ac6/SystemWorkbench/plugins/fr.ac6.mcu.externaltools.arm-none.linux64_1.17.0.201812190825/tools/compiler/bin/../lib/gcc/arm-none-eabi/7.3.1/thumb/v7-m/crtn.o
 *(.fini)
 .fini          0x00000000080011d4        0x4 /home/monko/Ac6/SystemWorkbench/plugins/fr.ac6.mcu.externaltools.arm-none.linux64_1.17.0.201812190825/tools/compiler/bin/../lib/gcc/arm-none-eabi/7.3.1/thumb/v7-m/crti.o
                0x00000000080011d4                _fini
 .fini          0x00000000080011d8        0x8 /home/monko/Ac6/SystemWorkbench/plugins/fr.ac6.mcu.externaltools.arm-none.linux64_1.17.0.201812190825/tools/compiler/bin/../lib/gcc/arm-none-eabi/7.3.1/thumb/v7-m/crtn.o
                0x00000000080011e0                . = ALIGN (0x4)
                0x00000000080011e0                _etext = .

.vfp11_veneer   0x00000000080011e0        0x0
 .vfp11_veneer  0x00000000080011e0        0x0 linker stubs

.v4_bx          0x00000000080011e0        0x0
 .v4_bx         0x00000000080011e0        0x0 linker stubs

.iplt           0x00000000080011e0        0x0
 .iplt          0x00000000080011e0        0x0 /home/monko/Ac6/SystemWorkbench/plugins/fr.ac6.mcu.externaltools.arm-none.linux64_1.17.0.201812190825/tools/compiler/bin/../lib/gcc/arm-none-eabi/7.3.1/thumb/v7-m/crtbegin.o

.rodata         0x00000000080011e0       0x24
                0x00000000080011e0                . = ALIGN (0x4)
 *(.rodata)
 .rodata        0x00000000080011e0       0x20 src/keyboard.o
                0x00000000080011e0                columns_pins
                0x00000000080011e8                rows_pins
                0x00000000080011f0                button_map
 *(.rodata*)
 .rodata._global_impure_ptr
                0x0000000008001200        0x4 /home/monko/Ac6/SystemWorkbench/plugins/fr.ac6.mcu.externaltools.arm-none.linux64_1.17.0.201812190825/tools/compiler/bin/../lib/gcc/arm-none-eabi/7.3.1/../../../../arm-none-eabi/lib/thumb/v7-m/libc.a(lib_a-impure.o)
                0x0000000008001200                _global_impure_ptr
                0x0000000008001204                . = ALIGN (0x4)

.rel.dyn        0x0000000008001204        0x0
 .rel.iplt      0x0000000008001204        0x0 /home/monko/Ac6/SystemWorkbench/plugins/fr.ac6.mcu.externaltools.arm-none.linux64_1.17.0.201812190825/tools/compiler/bin/../lib/gcc/arm-none-eabi/7.3.1/thumb/v7-m/crtbegin.o

.ARM.extab      0x0000000008001204        0x0
                0x0000000008001204                . = ALIGN (0x4)
 *(.ARM.extab* .gnu.linkonce.armextab.*)
                0x0000000008001204                . = ALIGN (0x4)

.ARM            0x0000000008001204        0x0
                0x0000000008001204                . = ALIGN (0x4)
                0x0000000008001204                __exidx_start = .
 *(.ARM.exidx*)
                0x0000000008001204                __exidx_end = .
                0x0000000008001204                . = ALIGN (0x4)

.preinit_array  0x0000000008001204        0x0
                0x0000000008001204                . = ALIGN (0x4)
                0x0000000008001204                PROVIDE (__preinit_array_start = .)
 *(.preinit_array*)
                0x0000000008001204                PROVIDE (__preinit_array_end = .)
                0x0000000008001204                . = ALIGN (0x4)

.init_array     0x0000000008001204        0x8
                0x0000000008001204                . = ALIGN (0x4)
                0x0000000008001204                PROVIDE (__init_array_start = .)
 *(SORT_BY_NAME(.init_array.*))
 .init_array.00000
                0x0000000008001204        0x4 /home/monko/Ac6/SystemWorkbench/plugins/fr.ac6.mcu.externaltools.arm-none.linux64_1.17.0.201812190825/tools/compiler/bin/../lib/gcc/arm-none-eabi/7.3.1/../../../../arm-none-eabi/lib/thumb/v7-m/libc.a(lib_a-__call_atexit.o)
 *(.init_array*)
 .init_array    0x0000000008001208        0x4 /home/monko/Ac6/SystemWorkbench/plugins/fr.ac6.mcu.externaltools.arm-none.linux64_1.17.0.201812190825/tools/compiler/bin/../lib/gcc/arm-none-eabi/7.3.1/thumb/v7-m/crtbegin.o
                0x000000000800120c                PROVIDE (__init_array_end = .)
                0x000000000800120c                . = ALIGN (0x4)

.fini_array     0x000000000800120c        0x4
                0x000000000800120c                . = ALIGN (0x4)
                0x000000000800120c                PROVIDE (__fini_array_start = .)
 *(SORT_BY_NAME(.fini_array.*))
 *(.fini_array*)
 .fini_array    0x000000000800120c        0x4 /home/monko/Ac6/SystemWorkbench/plugins/fr.ac6.mcu.externaltools.arm-none.linux64_1.17.0.201812190825/tools/compiler/bin/../lib/gcc/arm-none-eabi/7.3.1/thumb/v7-m/crtbegin.o
                0x0000000008001210                PROVIDE (__fini_array_end = .)
                0x0000000008001210                . = ALIGN (0x4)
                0x0000000008001210                _sidata = LOADADDR (.data)

.data           0x0000000020000000      0x444 load address 0x0000000008001210
                0x0000000020000000                . = ALIGN (0x4)
                0x0000000020000000                _sdata = .
 *(.data)
 .data          0x0000000020000000       0x14 StdPeriph_Driver/src/stm32f10x_rcc.o
 .data          0x0000000020000014        0x3 src/radio2401l.o
                0x0000000020000014                base_address
 *(.data*)
 *fill*         0x0000000020000017        0x1 
 .data.impure_data
                0x0000000020000018      0x428 /home/monko/Ac6/SystemWorkbench/plugins/fr.ac6.mcu.externaltools.arm-none.linux64_1.17.0.201812190825/tools/compiler/bin/../lib/gcc/arm-none-eabi/7.3.1/../../../../arm-none-eabi/lib/thumb/v7-m/libc.a(lib_a-impure.o)
 .data.__atexit_recursive_mutex
                0x0000000020000440        0x4 /home/monko/Ac6/SystemWorkbench/plugins/fr.ac6.mcu.externaltools.arm-none.linux64_1.17.0.201812190825/tools/compiler/bin/../lib/gcc/arm-none-eabi/7.3.1/../../../../arm-none-eabi/lib/thumb/v7-m/libc.a(lib_a-__call_atexit.o)
                0x0000000020000440                __atexit_recursive_mutex
                0x0000000020000444                . = ALIGN (0x4)
                0x0000000020000444                _edata = .

.igot.plt       0x0000000020000444        0x0 load address 0x0000000008001654
 .igot.plt      0x0000000020000444        0x0 /home/monko/Ac6/SystemWorkbench/plugins/fr.ac6.mcu.externaltools.arm-none.linux64_1.17.0.201812190825/tools/compiler/bin/../lib/gcc/arm-none-eabi/7.3.1/thumb/v7-m/crtbegin.o
                0x0000000020000444                . = ALIGN (0x4)

.bss            0x0000000020000444       0x6c load address 0x0000000008001654
                0x0000000020000444                _sbss = .
                0x0000000020000444                __bss_start__ = _sbss
 *(.bss)
 .bss           0x0000000020000444       0x1c /home/monko/Ac6/SystemWorkbench/plugins/fr.ac6.mcu.externaltools.arm-none.linux64_1.17.0.201812190825/tools/compiler/bin/../lib/gcc/arm-none-eabi/7.3.1/thumb/v7-m/crtbegin.o
 .bss           0x0000000020000460        0x1 src/configuration.o
                0x0000000020000460                button_lock
 *(.bss*)
 *(COMMON)
 *fill*         0x0000000020000461        0x3 
 COMMON         0x0000000020000464        0xd src/ds18b20.o
                0x0000000020000464                scratchpad_buffer
                0x0000000020000468                buffer
 *fill*         0x0000000020000471        0x3 
 COMMON         0x0000000020000474        0x4 src/mainmenu.o
                0x0000000020000474                handler
 COMMON         0x0000000020000478        0x8 src/one_wire.o
                0x0000000020000478                gpio_pin
                0x000000002000047c                gpio_port
 COMMON         0x0000000020000480        0x9 src/radio2401l.o
                0x0000000020000480                pin
                0x0000000020000484                port
                0x0000000020000488                status
 *fill*         0x0000000020000489        0x3 
 COMMON         0x000000002000048c       0x21 /home/monko/Ac6/SystemWorkbench/plugins/fr.ac6.mcu.externaltools.arm-none.linux64_1.17.0.201812190825/tools/compiler/bin/../lib/gcc/arm-none-eabi/7.3.1/../../../../arm-none-eabi/lib/thumb/v7-m/libc.a(lib_a-lock.o)
                0x000000002000048c                __lock___atexit_recursive_mutex
                0x0000000020000490                __lock___arc4random_mutex
                0x0000000020000494                __lock___env_recursive_mutex
                0x0000000020000498                __lock___sinit_recursive_mutex
                0x000000002000049c                __lock___malloc_recursive_mutex
                0x00000000200004a0                __lock___at_quick_exit_mutex
                0x00000000200004a4                __lock___dd_hash_mutex
                0x00000000200004a8                __lock___tz_mutex
                0x00000000200004ac                __lock___sfp_recursive_mutex
                0x00000000200004b0                . = ALIGN (0x4)
 *fill*         0x00000000200004ad        0x3 
                0x00000000200004b0                _ebss = .
                0x00000000200004b0                __bss_end__ = _ebss

._user_heap_stack
                0x00000000200004b0      0x400 load address 0x0000000008001654
                0x00000000200004b0                . = ALIGN (0x8)
                0x00000000200004b0                PROVIDE (end = .)
                [!provide]                        PROVIDE (_end = .)
                0x00000000200004b0                . = (. + _Min_Heap_Size)
                0x00000000200008b0                . = (. + _Min_Stack_Size)
 *fill*         0x00000000200004b0      0x400 
                0x00000000200008b0                . = ALIGN (0x8)

/DISCARD/
 libc.a(*)
 libm.a(*)
 libgcc.a(*)

.ARM.attributes
                0x0000000000000000       0x29
 *(.ARM.attributes)
 .ARM.attributes
                0x0000000000000000       0x1d /home/monko/Ac6/SystemWorkbench/plugins/fr.ac6.mcu.externaltools.arm-none.linux64_1.17.0.201812190825/tools/compiler/bin/../lib/gcc/arm-none-eabi/7.3.1/thumb/v7-m/crti.o
 .ARM.attributes
                0x000000000000001d       0x2d /home/monko/Ac6/SystemWorkbench/plugins/fr.ac6.mcu.externaltools.arm-none.linux64_1.17.0.201812190825/tools/compiler/bin/../lib/gcc/arm-none-eabi/7.3.1/thumb/v7-m/crtbegin.o
 .ARM.attributes
                0x000000000000004a       0x33 StdPeriph_Driver/src/stm32f10x_exti.o
 .ARM.attributes
                0x000000000000007d       0x33 StdPeriph_Driver/src/stm32f10x_gpio.o
 .ARM.attributes
                0x00000000000000b0       0x33 StdPeriph_Driver/src/stm32f10x_rcc.o
 .ARM.attributes
                0x00000000000000e3       0x33 StdPeriph_Driver/src/stm32f10x_spi.o
 .ARM.attributes
                0x0000000000000116       0x33 StdPeriph_Driver/src/stm32f10x_tim.o
 .ARM.attributes
                0x0000000000000149       0x33 src/configuration.o
 .ARM.attributes
                0x000000000000017c       0x33 src/ds18b20.o
 .ARM.attributes
                0x00000000000001af       0x33 src/keyboard.o
 .ARM.attributes
                0x00000000000001e2       0x33 src/main.o
 .ARM.attributes
                0x0000000000000215       0x33 src/mainmenu.o
 .ARM.attributes
                0x0000000000000248       0x33 src/one_wire.o
 .ARM.attributes
                0x000000000000027b       0x33 src/radio2401l.o
 .ARM.attributes
                0x00000000000002ae       0x33 src/spi_driver.o
 .ARM.attributes
                0x00000000000002e1       0x33 src/system_stm32f10x.o
 .ARM.attributes
                0x0000000000000314       0x33 src/timer.o
 .ARM.attributes
                0x0000000000000347       0x21 startup/startup_stm32.o
 .ARM.attributes
                0x0000000000000368       0x2d /home/monko/Ac6/SystemWorkbench/plugins/fr.ac6.mcu.externaltools.arm-none.linux64_1.17.0.201812190825/tools/compiler/bin/../lib/gcc/arm-none-eabi/7.3.1/../../../../arm-none-eabi/lib/thumb/v7-m/libc.a(lib_a-impure.o)
 .ARM.attributes
                0x0000000000000395       0x2d /home/monko/Ac6/SystemWorkbench/plugins/fr.ac6.mcu.externaltools.arm-none.linux64_1.17.0.201812190825/tools/compiler/bin/../lib/gcc/arm-none-eabi/7.3.1/../../../../arm-none-eabi/lib/thumb/v7-m/libc.a(lib_a-init.o)
 .ARM.attributes
                0x00000000000003c2       0x2d /home/monko/Ac6/SystemWorkbench/plugins/fr.ac6.mcu.externaltools.arm-none.linux64_1.17.0.201812190825/tools/compiler/bin/../lib/gcc/arm-none-eabi/7.3.1/../../../../arm-none-eabi/lib/thumb/v7-m/libc.a(lib_a-__call_atexit.o)
 .ARM.attributes
                0x00000000000003ef       0x2d /home/monko/Ac6/SystemWorkbench/plugins/fr.ac6.mcu.externaltools.arm-none.linux64_1.17.0.201812190825/tools/compiler/bin/../lib/gcc/arm-none-eabi/7.3.1/../../../../arm-none-eabi/lib/thumb/v7-m/libc.a(lib_a-atexit.o)
 .ARM.attributes
                0x000000000000041c       0x2d /home/monko/Ac6/SystemWorkbench/plugins/fr.ac6.mcu.externaltools.arm-none.linux64_1.17.0.201812190825/tools/compiler/bin/../lib/gcc/arm-none-eabi/7.3.1/../../../../arm-none-eabi/lib/thumb/v7-m/libc.a(lib_a-fini.o)
 .ARM.attributes
                0x0000000000000449       0x2d /home/monko/Ac6/SystemWorkbench/plugins/fr.ac6.mcu.externaltools.arm-none.linux64_1.17.0.201812190825/tools/compiler/bin/../lib/gcc/arm-none-eabi/7.3.1/../../../../arm-none-eabi/lib/thumb/v7-m/libc.a(lib_a-lock.o)
 .ARM.attributes
                0x0000000000000476       0x2d /home/monko/Ac6/SystemWorkbench/plugins/fr.ac6.mcu.externaltools.arm-none.linux64_1.17.0.201812190825/tools/compiler/bin/../lib/gcc/arm-none-eabi/7.3.1/../../../../arm-none-eabi/lib/thumb/v7-m/libc.a(lib_a-__atexit.o)
 .ARM.attributes
                0x00000000000004a3       0x1d /home/monko/Ac6/SystemWorkbench/plugins/fr.ac6.mcu.externaltools.arm-none.linux64_1.17.0.201812190825/tools/compiler/bin/../lib/gcc/arm-none-eabi/7.3.1/thumb/v7-m/crtn.o
OUTPUT(bluepillsample.elf elf32-littlearm)

.debug_info     0x0000000000000000     0x8849
 .debug_info    0x0000000000000000      0x34e StdPeriph_Driver/src/stm32f10x_exti.o
 .debug_info    0x000000000000034e      0x887 StdPeriph_Driver/src/stm32f10x_gpio.o
 .debug_info    0x0000000000000bd5      0x8ce StdPeriph_Driver/src/stm32f10x_rcc.o
 .debug_info    0x00000000000014a3      0x9c1 StdPeriph_Driver/src/stm32f10x_spi.o
 .debug_info    0x0000000000001e64     0x218e StdPeriph_Driver/src/stm32f10x_tim.o
 .debug_info    0x0000000000003ff2     0x16d9 src/configuration.o
 .debug_info    0x00000000000056cb      0x3a6 src/ds18b20.o
 .debug_info    0x0000000000005a71      0x3ae src/keyboard.o
 .debug_info    0x0000000000005e1f      0x596 src/main.o
 .debug_info    0x00000000000063b5      0x654 src/mainmenu.o
 .debug_info    0x0000000000006a09      0x5c5 src/one_wire.o
 .debug_info    0x0000000000006fce      0xb86 src/radio2401l.o
 .debug_info    0x0000000000007b54      0x411 src/spi_driver.o
 .debug_info    0x0000000000007f65      0x46b src/system_stm32f10x.o
 .debug_info    0x00000000000083d0      0x457 src/timer.o
 .debug_info    0x0000000000008827       0x22 startup/startup_stm32.o

.debug_abbrev   0x0000000000000000     0x1a3c
 .debug_abbrev  0x0000000000000000      0x17e StdPeriph_Driver/src/stm32f10x_exti.o
 .debug_abbrev  0x000000000000017e      0x207 StdPeriph_Driver/src/stm32f10x_gpio.o
 .debug_abbrev  0x0000000000000385      0x1fa StdPeriph_Driver/src/stm32f10x_rcc.o
 .debug_abbrev  0x000000000000057f      0x1e0 StdPeriph_Driver/src/stm32f10x_spi.o
 .debug_abbrev  0x000000000000075f      0x1f4 StdPeriph_Driver/src/stm32f10x_tim.o
 .debug_abbrev  0x0000000000000953      0x21d src/configuration.o
 .debug_abbrev  0x0000000000000b70      0x16b src/ds18b20.o
 .debug_abbrev  0x0000000000000cdb      0x15d src/keyboard.o
 .debug_abbrev  0x0000000000000e38      0x1ac src/main.o
 .debug_abbrev  0x0000000000000fe4      0x1d9 src/mainmenu.o
 .debug_abbrev  0x00000000000011bd      0x1df src/one_wire.o
 .debug_abbrev  0x000000000000139c      0x240 src/radio2401l.o
 .debug_abbrev  0x00000000000015dc      0x18a src/spi_driver.o
 .debug_abbrev  0x0000000000001766      0x1a2 src/system_stm32f10x.o
 .debug_abbrev  0x0000000000001908      0x122 src/timer.o
 .debug_abbrev  0x0000000000001a2a       0x12 startup/startup_stm32.o

.debug_loc      0x0000000000000000     0x3964
 .debug_loc     0x0000000000000000      0x170 StdPeriph_Driver/src/stm32f10x_exti.o
 .debug_loc     0x0000000000000170      0x610 StdPeriph_Driver/src/stm32f10x_gpio.o
 .debug_loc     0x0000000000000780      0x6db StdPeriph_Driver/src/stm32f10x_rcc.o
 .debug_loc     0x0000000000000e5b      0x624 StdPeriph_Driver/src/stm32f10x_spi.o
 .debug_loc     0x000000000000147f     0x19f1 StdPeriph_Driver/src/stm32f10x_tim.o
 .debug_loc     0x0000000000002e70       0x4c src/configuration.o
 .debug_loc     0x0000000000002ebc       0xa2 src/ds18b20.o
 .debug_loc     0x0000000000002f5e       0xdb src/keyboard.o
 .debug_loc     0x0000000000003039      0x260 src/mainmenu.o
 .debug_loc     0x0000000000003299      0x1d6 src/one_wire.o
 .debug_loc     0x000000000000346f      0x395 src/radio2401l.o
 .debug_loc     0x0000000000003804       0x21 src/spi_driver.o
 .debug_loc     0x0000000000003825       0xdf src/system_stm32f10x.o
 .debug_loc     0x0000000000003904       0x60 src/timer.o

.debug_aranges  0x0000000000000000      0x9a0
 .debug_aranges
                0x0000000000000000       0x58 StdPeriph_Driver/src/stm32f10x_exti.o
 .debug_aranges
                0x0000000000000058       0xa8 StdPeriph_Driver/src/stm32f10x_gpio.o
 .debug_aranges
                0x0000000000000100      0x118 StdPeriph_Driver/src/stm32f10x_rcc.o
 .debug_aranges
                0x0000000000000218       0xd0 StdPeriph_Driver/src/stm32f10x_spi.o
 .debug_aranges
                0x00000000000002e8      0x2f0 StdPeriph_Driver/src/stm32f10x_tim.o
 .debug_aranges
                0x00000000000005d8       0x88 src/configuration.o
 .debug_aranges
                0x0000000000000660       0x60 src/ds18b20.o
 .debug_aranges
                0x00000000000006c0       0x30 src/keyboard.o
 .debug_aranges
                0x00000000000006f0       0x38 src/main.o
 .debug_aranges
                0x0000000000000728       0x78 src/mainmenu.o
 .debug_aranges
                0x00000000000007a0       0x58 src/one_wire.o
 .debug_aranges
                0x00000000000007f8       0xe0 src/radio2401l.o
 .debug_aranges
                0x00000000000008d8       0x38 src/spi_driver.o
 .debug_aranges
                0x0000000000000910       0x38 src/system_stm32f10x.o
 .debug_aranges
                0x0000000000000948       0x30 src/timer.o
 .debug_aranges
                0x0000000000000978       0x28 startup/startup_stm32.o

.debug_ranges   0x0000000000000000      0x910
 .debug_ranges  0x0000000000000000       0x48 StdPeriph_Driver/src/stm32f10x_exti.o
 .debug_ranges  0x0000000000000048       0x98 StdPeriph_Driver/src/stm32f10x_gpio.o
 .debug_ranges  0x00000000000000e0      0x108 StdPeriph_Driver/src/stm32f10x_rcc.o
 .debug_ranges  0x00000000000001e8       0xc0 StdPeriph_Driver/src/stm32f10x_spi.o
 .debug_ranges  0x00000000000002a8      0x2e0 StdPeriph_Driver/src/stm32f10x_tim.o
 .debug_ranges  0x0000000000000588       0x78 src/configuration.o
 .debug_ranges  0x0000000000000600       0x50 src/ds18b20.o
 .debug_ranges  0x0000000000000650       0x20 src/keyboard.o
 .debug_ranges  0x0000000000000670       0x28 src/main.o
 .debug_ranges  0x0000000000000698       0xa0 src/mainmenu.o
 .debug_ranges  0x0000000000000738       0x78 src/one_wire.o
 .debug_ranges  0x00000000000007b0       0xd0 src/radio2401l.o
 .debug_ranges  0x0000000000000880       0x28 src/spi_driver.o
 .debug_ranges  0x00000000000008a8       0x28 src/system_stm32f10x.o
 .debug_ranges  0x00000000000008d0       0x20 src/timer.o
 .debug_ranges  0x00000000000008f0       0x20 startup/startup_stm32.o

.debug_macro    0x0000000000000000     0x3191
 .debug_macro   0x0000000000000000      0x18b StdPeriph_Driver/src/stm32f10x_exti.o
 .debug_macro   0x000000000000018b       0x94 StdPeriph_Driver/src/stm32f10x_exti.o
 .debug_macro   0x000000000000021f      0x1d7 StdPeriph_Driver/src/stm32f10x_gpio.o
 .debug_macro   0x00000000000003f6      0x2a6 StdPeriph_Driver/src/stm32f10x_gpio.o
 .debug_macro   0x000000000000069c      0x2a1 StdPeriph_Driver/src/stm32f10x_rcc.o
 .debug_macro   0x000000000000093d      0x3dc StdPeriph_Driver/src/stm32f10x_rcc.o
 .debug_macro   0x0000000000000d19      0x1ef StdPeriph_Driver/src/stm32f10x_spi.o
 .debug_macro   0x0000000000000f08      0x2be StdPeriph_Driver/src/stm32f10x_spi.o
 .debug_macro   0x00000000000011c6      0x1a1 StdPeriph_Driver/src/stm32f10x_tim.o
 .debug_macro   0x0000000000001367      0x70b StdPeriph_Driver/src/stm32f10x_tim.o
 .debug_macro   0x0000000000001a72      0x194 src/configuration.o
 .debug_macro   0x0000000000001c06       0x7c src/configuration.o
 .debug_macro   0x0000000000001c82      0x193 src/ds18b20.o
 .debug_macro   0x0000000000001e15       0xa6 src/ds18b20.o
 .debug_macro   0x0000000000001ebb       0x40 src/ds18b20.o
 .debug_macro   0x0000000000001efb      0x1a0 src/keyboard.o
 .debug_macro   0x000000000000209b       0x76 src/keyboard.o
 .debug_macro   0x0000000000002111       0x3a src/keyboard.o
 .debug_macro   0x000000000000214b      0x1c5 src/main.o
 .debug_macro   0x0000000000002310       0xc4 src/main.o
 .debug_macro   0x00000000000023d4      0x1a8 src/main.o
 .debug_macro   0x000000000000257c       0x10 src/main.o
 .debug_macro   0x000000000000258c       0xac src/main.o
 .debug_macro   0x0000000000002638      0x193 src/mainmenu.o
 .debug_macro   0x00000000000027cb       0x34 src/mainmenu.o
 .debug_macro   0x00000000000027ff      0x18e src/one_wire.o
 .debug_macro   0x000000000000298d       0x3a src/one_wire.o
 .debug_macro   0x00000000000029c7      0x197 src/radio2401l.o
 .debug_macro   0x0000000000002b5e      0x1a2 src/radio2401l.o
 .debug_macro   0x0000000000002d00      0x184 src/spi_driver.o
 .debug_macro   0x0000000000002e84      0x188 src/system_stm32f10x.o
 .debug_macro   0x000000000000300c      0x185 src/timer.o

.debug_line     0x0000000000000000     0x6cd6
 .debug_line    0x0000000000000000      0x62b StdPeriph_Driver/src/stm32f10x_exti.o
 .debug_line    0x000000000000062b      0x73d StdPeriph_Driver/src/stm32f10x_gpio.o
 .debug_line    0x0000000000000d68      0x845 StdPeriph_Driver/src/stm32f10x_rcc.o
 .debug_line    0x00000000000015ad      0x790 StdPeriph_Driver/src/stm32f10x_spi.o
 .debug_line    0x0000000000001d3d      0xe75 StdPeriph_Driver/src/stm32f10x_tim.o
 .debug_line    0x0000000000002bb2      0x750 src/configuration.o
 .debug_line    0x0000000000003302      0x641 src/ds18b20.o
 .debug_line    0x0000000000003943      0x5eb src/keyboard.o
 .debug_line    0x0000000000003f2e      0x65a src/main.o
 .debug_line    0x0000000000004588      0x6f1 src/mainmenu.o
 .debug_line    0x0000000000004c79      0x675 src/one_wire.o
 .debug_line    0x00000000000052ee      0x7da src/radio2401l.o
 .debug_line    0x0000000000005ac8      0x5ce src/spi_driver.o
 .debug_line    0x0000000000006096      0x60c src/system_stm32f10x.o
 .debug_line    0x00000000000066a2      0x5b8 src/timer.o
 .debug_line    0x0000000000006c5a       0x7c startup/startup_stm32.o

.debug_str      0x0000000000000000    0x51417
 .debug_str     0x0000000000000000    0x4d22e StdPeriph_Driver/src/stm32f10x_exti.o
                                      0x4d3ac (size before relaxing)
 .debug_str     0x000000000004d22e      0x5ea StdPeriph_Driver/src/stm32f10x_gpio.o
                                      0x4d7b2 (size before relaxing)
 .debug_str     0x000000000004d818      0xb3d StdPeriph_Driver/src/stm32f10x_rcc.o
                                      0x4dd81 (size before relaxing)
 .debug_str     0x000000000004e355      0x60a StdPeriph_Driver/src/stm32f10x_spi.o
                                      0x4d8db (size before relaxing)
 .debug_str     0x000000000004e95f      0xbed StdPeriph_Driver/src/stm32f10x_tim.o
                                      0x4decd (size before relaxing)
 .debug_str     0x000000000004f54c      0x710 src/configuration.o
                                      0x4df94 (size before relaxing)
 .debug_str     0x000000000004fc5c      0x57a src/ds18b20.o
                                      0x4d72c (size before relaxing)
 .debug_str     0x00000000000501d6      0x15c src/keyboard.o
                                      0x4d510 (size before relaxing)
 .debug_str     0x0000000000050332      0xb52 src/main.o
                                      0x4e341 (size before relaxing)
 .debug_str     0x0000000000050e84      0x1e7 src/mainmenu.o
                                      0x4d796 (size before relaxing)
 .debug_str     0x000000000005106b       0x8e src/one_wire.o
                                      0x4d4ee (size before relaxing)
 .debug_str     0x00000000000510f9      0x1aa src/radio2401l.o
                                      0x4db4a (size before relaxing)
 .debug_str     0x00000000000512a3       0x1e src/spi_driver.o
                                      0x4d33c (size before relaxing)
 .debug_str     0x00000000000512c1       0xf8 src/system_stm32f10x.o
                                      0x4d32f (size before relaxing)
 .debug_str     0x00000000000513b9       0x35 src/timer.o
                                      0x4d33d (size before relaxing)
 .debug_str     0x00000000000513ee       0x29 startup/startup_stm32.o
                                         0x46 (size before relaxing)

.comment        0x0000000000000000       0x7f
 .comment       0x0000000000000000       0x7f StdPeriph_Driver/src/stm32f10x_exti.o
                                         0x80 (size before relaxing)
 .comment       0x000000000000007f       0x80 StdPeriph_Driver/src/stm32f10x_gpio.o
 .comment       0x000000000000007f       0x80 StdPeriph_Driver/src/stm32f10x_rcc.o
 .comment       0x000000000000007f       0x80 StdPeriph_Driver/src/stm32f10x_spi.o
 .comment       0x000000000000007f       0x80 StdPeriph_Driver/src/stm32f10x_tim.o
 .comment       0x000000000000007f       0x80 src/configuration.o
 .comment       0x000000000000007f       0x80 src/ds18b20.o
 .comment       0x000000000000007f       0x80 src/keyboard.o
 .comment       0x000000000000007f       0x80 src/main.o
 .comment       0x000000000000007f       0x80 src/mainmenu.o
 .comment       0x000000000000007f       0x80 src/one_wire.o
 .comment       0x000000000000007f       0x80 src/radio2401l.o
 .comment       0x000000000000007f       0x80 src/spi_driver.o
 .comment       0x000000000000007f       0x80 src/system_stm32f10x.o
 .comment       0x000000000000007f       0x80 src/timer.o

.debug_frame    0x0000000000000000     0x177c
 .debug_frame   0x0000000000000000       0xa0 StdPeriph_Driver/src/stm32f10x_exti.o
 .debug_frame   0x00000000000000a0      0x170 StdPeriph_Driver/src/stm32f10x_gpio.o
 .debug_frame   0x0000000000000210      0x22c StdPeriph_Driver/src/stm32f10x_rcc.o
 .debug_frame   0x000000000000043c      0x1b0 StdPeriph_Driver/src/stm32f10x_spi.o
 .debug_frame   0x00000000000005ec      0x6c8 StdPeriph_Driver/src/stm32f10x_tim.o
 .debug_frame   0x0000000000000cb4      0x1b4 src/configuration.o
 .debug_frame   0x0000000000000e68       0xdc src/ds18b20.o
 .debug_frame   0x0000000000000f44       0x64 src/keyboard.o
 .debug_frame   0x0000000000000fa8       0x68 src/main.o
 .debug_frame   0x0000000000001010      0x138 src/mainmenu.o
 .debug_frame   0x0000000000001148       0xf0 src/one_wire.o
 .debug_frame   0x0000000000001238      0x258 src/radio2401l.o
 .debug_frame   0x0000000000001490       0x68 src/spi_driver.o
 .debug_frame   0x00000000000014f8       0x6c src/system_stm32f10x.o
 .debug_frame   0x0000000000001564       0x58 src/timer.o
 .debug_frame   0x00000000000015bc       0x2c /home/monko/Ac6/SystemWorkbench/plugins/fr.ac6.mcu.externaltools.arm-none.linux64_1.17.0.201812190825/tools/compiler/bin/../lib/gcc/arm-none-eabi/7.3.1/../../../../arm-none-eabi/lib/thumb/v7-m/libc.a(lib_a-init.o)
 .debug_frame   0x00000000000015e8       0x5c /home/monko/Ac6/SystemWorkbench/plugins/fr.ac6.mcu.externaltools.arm-none.linux64_1.17.0.201812190825/tools/compiler/bin/../lib/gcc/arm-none-eabi/7.3.1/../../../../arm-none-eabi/lib/thumb/v7-m/libc.a(lib_a-__call_atexit.o)
 .debug_frame   0x0000000000001644       0x20 /home/monko/Ac6/SystemWorkbench/plugins/fr.ac6.mcu.externaltools.arm-none.linux64_1.17.0.201812190825/tools/compiler/bin/../lib/gcc/arm-none-eabi/7.3.1/../../../../arm-none-eabi/lib/thumb/v7-m/libc.a(lib_a-atexit.o)
 .debug_frame   0x0000000000001664       0x34 /home/monko/Ac6/SystemWorkbench/plugins/fr.ac6.mcu.externaltools.arm-none.linux64_1.17.0.201812190825/tools/compiler/bin/../lib/gcc/arm-none-eabi/7.3.1/../../../../arm-none-eabi/lib/thumb/v7-m/libc.a(lib_a-fini.o)
 .debug_frame   0x0000000000001698       0xb0 /home/monko/Ac6/SystemWorkbench/plugins/fr.ac6.mcu.externaltools.arm-none.linux64_1.17.0.201812190825/tools/compiler/bin/../lib/gcc/arm-none-eabi/7.3.1/../../../../arm-none-eabi/lib/thumb/v7-m/libc.a(lib_a-lock.o)
 .debug_frame   0x0000000000001748       0x34 /home/monko/Ac6/SystemWorkbench/plugins/fr.ac6.mcu.externaltools.arm-none.linux64_1.17.0.201812190825/tools/compiler/bin/../lib/gcc/arm-none-eabi/7.3.1/../../../../arm-none-eabi/lib/thumb/v7-m/libc.a(lib_a-__atexit.o)
