Archive member included to satisfy reference by file (symbol)

/home/warchlak/Ac6/SystemWorkbench/plugins/fr.ac6.mcu.externaltools.arm-none.linux64_1.17.0.201812190825/tools/compiler/bin/../lib/gcc/arm-none-eabi/7.3.1/../../../../arm-none-eabi/lib/thumb/v7-m/libc.a(lib_a-errno.o)
                              src/syscalls.o (__errno)
/home/warchlak/Ac6/SystemWorkbench/plugins/fr.ac6.mcu.externaltools.arm-none.linux64_1.17.0.201812190825/tools/compiler/bin/../lib/gcc/arm-none-eabi/7.3.1/../../../../arm-none-eabi/lib/thumb/v7-m/libc.a(lib_a-exit.o)
                              /home/warchlak/Ac6/SystemWorkbench/plugins/fr.ac6.mcu.externaltools.arm-none.linux64_1.17.0.201812190825/tools/compiler/bin/../lib/gcc/arm-none-eabi/7.3.1/../../../../arm-none-eabi/lib/thumb/v7-m/crt0.o (exit)
/home/warchlak/Ac6/SystemWorkbench/plugins/fr.ac6.mcu.externaltools.arm-none.linux64_1.17.0.201812190825/tools/compiler/bin/../lib/gcc/arm-none-eabi/7.3.1/../../../../arm-none-eabi/lib/thumb/v7-m/libc.a(lib_a-impure.o)
                              /home/warchlak/Ac6/SystemWorkbench/plugins/fr.ac6.mcu.externaltools.arm-none.linux64_1.17.0.201812190825/tools/compiler/bin/../lib/gcc/arm-none-eabi/7.3.1/../../../../arm-none-eabi/lib/thumb/v7-m/libc.a(lib_a-exit.o) (_global_impure_ptr)
/home/warchlak/Ac6/SystemWorkbench/plugins/fr.ac6.mcu.externaltools.arm-none.linux64_1.17.0.201812190825/tools/compiler/bin/../lib/gcc/arm-none-eabi/7.3.1/../../../../arm-none-eabi/lib/thumb/v7-m/libc.a(lib_a-init.o)
                              /home/warchlak/Ac6/SystemWorkbench/plugins/fr.ac6.mcu.externaltools.arm-none.linux64_1.17.0.201812190825/tools/compiler/bin/../lib/gcc/arm-none-eabi/7.3.1/../../../../arm-none-eabi/lib/thumb/v7-m/crt0.o (__libc_init_array)
/home/warchlak/Ac6/SystemWorkbench/plugins/fr.ac6.mcu.externaltools.arm-none.linux64_1.17.0.201812190825/tools/compiler/bin/../lib/gcc/arm-none-eabi/7.3.1/../../../../arm-none-eabi/lib/thumb/v7-m/libc.a(lib_a-memset.o)
                              /home/warchlak/Ac6/SystemWorkbench/plugins/fr.ac6.mcu.externaltools.arm-none.linux64_1.17.0.201812190825/tools/compiler/bin/../lib/gcc/arm-none-eabi/7.3.1/../../../../arm-none-eabi/lib/thumb/v7-m/crt0.o (memset)
/home/warchlak/Ac6/SystemWorkbench/plugins/fr.ac6.mcu.externaltools.arm-none.linux64_1.17.0.201812190825/tools/compiler/bin/../lib/gcc/arm-none-eabi/7.3.1/../../../../arm-none-eabi/lib/thumb/v7-m/libc.a(lib_a-__call_atexit.o)
                              /home/warchlak/Ac6/SystemWorkbench/plugins/fr.ac6.mcu.externaltools.arm-none.linux64_1.17.0.201812190825/tools/compiler/bin/../lib/gcc/arm-none-eabi/7.3.1/../../../../arm-none-eabi/lib/thumb/v7-m/libc.a(lib_a-exit.o) (__call_exitprocs)
/home/warchlak/Ac6/SystemWorkbench/plugins/fr.ac6.mcu.externaltools.arm-none.linux64_1.17.0.201812190825/tools/compiler/bin/../lib/gcc/arm-none-eabi/7.3.1/../../../../arm-none-eabi/lib/thumb/v7-m/libc.a(lib_a-atexit.o)
                              /home/warchlak/Ac6/SystemWorkbench/plugins/fr.ac6.mcu.externaltools.arm-none.linux64_1.17.0.201812190825/tools/compiler/bin/../lib/gcc/arm-none-eabi/7.3.1/../../../../arm-none-eabi/lib/thumb/v7-m/libc.a(lib_a-__call_atexit.o) (atexit)
/home/warchlak/Ac6/SystemWorkbench/plugins/fr.ac6.mcu.externaltools.arm-none.linux64_1.17.0.201812190825/tools/compiler/bin/../lib/gcc/arm-none-eabi/7.3.1/../../../../arm-none-eabi/lib/thumb/v7-m/libc.a(lib_a-fini.o)
                              /home/warchlak/Ac6/SystemWorkbench/plugins/fr.ac6.mcu.externaltools.arm-none.linux64_1.17.0.201812190825/tools/compiler/bin/../lib/gcc/arm-none-eabi/7.3.1/../../../../arm-none-eabi/lib/thumb/v7-m/libc.a(lib_a-__call_atexit.o) (__libc_fini_array)
/home/warchlak/Ac6/SystemWorkbench/plugins/fr.ac6.mcu.externaltools.arm-none.linux64_1.17.0.201812190825/tools/compiler/bin/../lib/gcc/arm-none-eabi/7.3.1/../../../../arm-none-eabi/lib/thumb/v7-m/libc.a(lib_a-lock.o)
                              /home/warchlak/Ac6/SystemWorkbench/plugins/fr.ac6.mcu.externaltools.arm-none.linux64_1.17.0.201812190825/tools/compiler/bin/../lib/gcc/arm-none-eabi/7.3.1/../../../../arm-none-eabi/lib/thumb/v7-m/libc.a(lib_a-__call_atexit.o) (__retarget_lock_acquire_recursive)
/home/warchlak/Ac6/SystemWorkbench/plugins/fr.ac6.mcu.externaltools.arm-none.linux64_1.17.0.201812190825/tools/compiler/bin/../lib/gcc/arm-none-eabi/7.3.1/../../../../arm-none-eabi/lib/thumb/v7-m/libc.a(lib_a-__atexit.o)
                              /home/warchlak/Ac6/SystemWorkbench/plugins/fr.ac6.mcu.externaltools.arm-none.linux64_1.17.0.201812190825/tools/compiler/bin/../lib/gcc/arm-none-eabi/7.3.1/../../../../arm-none-eabi/lib/thumb/v7-m/libc.a(lib_a-atexit.o) (__register_exitproc)

Allocating common symbols
Common symbol       size              file

__lock___atexit_recursive_mutex
[...]
Memory Configuration

Name             Origin             Length             Attributes
RAM              0x0000000020000000 0x0000000000005000 xrw
ROM              0x0000000008000000 0x0000000000010000 xr
*default*        0x0000000000000000 0xffffffffffffffff

Linker script and memory map

LOAD /home/warchlak/Ac6/SystemWorkbench/plugins/fr.ac6.mcu.externaltools.arm-none.linux64_1.17.0.201812190825/tools/compiler/bin/../lib/gcc/arm-none-eabi/7.3.1/thumb/v7-m/crti.o
LOAD /home/warchlak/Ac6/SystemWorkbench/plugins/fr.ac6.mcu.externaltools.arm-none.linux64_1.17.0.201812190825/tools/compiler/bin/../lib/gcc/arm-none-eabi/7.3.1/thumb/v7-m/crtbegin.o
LOAD /home/warchlak/Ac6/SystemWorkbench/plugins/fr.ac6.mcu.externaltools.arm-none.linux64_1.17.0.201812190825/tools/compiler/bin/../lib/gcc/arm-none-eabi/7.3.1/../../../../arm-none-eabi/lib/thumb/v7-m/crt0.o
LOAD CMSIS/core/core_cm3.o
LOAD StdPeriph_Driver/src/misc.o
LOAD StdPeriph_Driver/src/stm32f10x_adc.o
LOAD StdPeriph_Driver/src/stm32f10x_bkp.o
LOAD StdPeriph_Driver/src/stm32f10x_can.o
LOAD StdPeriph_Driver/src/stm32f10x_cec.o
LOAD StdPeriph_Driver/src/stm32f10x_crc.o
LOAD StdPeriph_Driver/src/stm32f10x_dac.o
LOAD StdPeriph_Driver/src/stm32f10x_dbgmcu.o
LOAD StdPeriph_Driver/src/stm32f10x_dma.o
LOAD StdPeriph_Driver/src/stm32f10x_exti.o
LOAD StdPeriph_Driver/src/stm32f10x_flash.o
LOAD StdPeriph_Driver/src/stm32f10x_fsmc.o
LOAD StdPeriph_Driver/src/stm32f10x_gpio.o
LOAD StdPeriph_Driver/src/stm32f10x_i2c.o
LOAD StdPeriph_Driver/src/stm32f10x_iwdg.o
LOAD StdPeriph_Driver/src/stm32f10x_pwr.o
LOAD StdPeriph_Driver/src/stm32f10x_rcc.o
LOAD StdPeriph_Driver/src/stm32f10x_rtc.o
LOAD StdPeriph_Driver/src/stm32f10x_sdio.o
LOAD StdPeriph_Driver/src/stm32f10x_spi.o
LOAD StdPeriph_Driver/src/stm32f10x_tim.o
LOAD StdPeriph_Driver/src/stm32f10x_usart.o
LOAD StdPeriph_Driver/src/stm32f10x_wwdg.o
LOAD src/main.o
LOAD src/syscalls.o
LOAD src/system_stm32f10x.o
LOAD startup/startup_stm32.o
LOAD /home/warchlak/Ac6/SystemWorkbench/plugins/fr.ac6.mcu.externaltools.arm-none.linux64_1.17.0.201812190825/tools/compiler/bin/../lib/gcc/arm-none-eabi/7.3.1/../../../../arm-none-eabi/lib/thumb/v7-m/libm.a
START GROUP
LOAD /home/warchlak/Ac6/SystemWorkbench/plugins/fr.ac6.mcu.externaltools.arm-none.linux64_1.17.0.201812190825/tools/compiler/bin/../lib/gcc/arm-none-eabi/7.3.1/thumb/v7-m/libgcc.a
LOAD /home/warchlak/Ac6/SystemWorkbench/plugins/fr.ac6.mcu.externaltools.arm-none.linux64_1.17.0.201812190825/tools/compiler/bin/../lib/gcc/arm-none-eabi/7.3.1/../../../../arm-none-eabi/lib/thumb/v7-m/libc.a
END GROUP
LOAD /home/warchlak/Ac6/SystemWorkbench/plugins/fr.ac6.mcu.externaltools.arm-none.linux64_1.17.0.201812190825/tools/compiler/bin/../lib/gcc/arm-none-eabi/7.3.1/thumb/v7-m/crtend.o
LOAD /home/warchlak/Ac6/SystemWorkbench/plugins/fr.ac6.mcu.externaltools.arm-none.linux64_1.17.0.201812190825/tools/compiler/bin/../lib/gcc/arm-none-eabi/7.3.1/thumb/v7-m/crtn.o
                0x0000000020005000                _estack = 0x20005000
                0x0000000000000000                _Min_Heap_Size = 0x0
                0x0000000000000400                _Min_Stack_Size = 0x400

.isr_vector     0x0000000008000000      0x130
                0x0000000008000000                . = ALIGN (0x4)
 *(.isr_vector)
 .isr_vector    0x0000000008000000      0x130 startup/startup_stm32.o
                0x0000000008000000                g_pfnVectors
                0x0000000008000130                . = ALIGN (0x4)

.text           0x0000000008000130      0x320
                0x0000000008000130                . = ALIGN (0x4)
 *(.text)
 .text          0x0000000008000130       0x40 /home/warchlak/Ac6/SystemWorkbench/plugins/fr.ac6.mcu.externaltools.arm-none.linux64_1.17.0.201812190825/tools/compiler/bin/../lib/gcc/arm-none-eabi/7.3.1/thumb/v7-m/crtbegin.o
 *(.text*)
 .text.startup.main
                0x0000000008000170        0xc src/main.o
                0x0000000008000170                main
 .text.SystemInit
                0x000000000800017c      0x104 src/system_stm32f10x.o
                0x000000000800017c                SystemInit
 .text.Reset_Handler
                0x0000000008000280       0x50 startup/startup_stm32.o
                0x0000000008000280                Reset_Handler
 .text.Default_Handler
                0x00000000080002d0        0x2 startup/startup_stm32.o
                0x00000000080002d0                EXTI2_IRQHandler
                0x00000000080002d0                TIM8_TRG_COM_IRQHandler
                0x00000000080002d0                TIM8_CC_IRQHandler
                0x00000000080002d0                DebugMon_Handler
                0x00000000080002d0                TIM1_CC_IRQHandler
                0x00000000080002d0                HardFault_Handler
                0x00000000080002d0                TIM6_IRQHandler
                0x00000000080002d0                SysTick_Handler
                0x00000000080002d0                PVD_IRQHandler
                0x00000000080002d0                SDIO_IRQHandler
                0x00000000080002d0                PendSV_Handler
                0x00000000080002d0                NMI_Handler
                0x00000000080002d0                EXTI3_IRQHandler
                0x00000000080002d0                USB_HP_CAN_TX_IRQHandler
                0x00000000080002d0                EXTI0_IRQHandler
                0x00000000080002d0                I2C2_EV_IRQHandler
                0x00000000080002d0                UsageFault_Handler
                0x00000000080002d0                ADC1_2_IRQHandler
                0x00000000080002d0                SPI1_IRQHandler
                0x00000000080002d0                CAN_SCE_IRQHandler
                0x00000000080002d0                TAMPER_IRQHandler
                0x00000000080002d0                TIM8_UP_IRQHandler
                0x00000000080002d0                DMA2_Channel2_IRQHandler
                0x00000000080002d0                DMA1_Channel4_IRQHandler
                0x00000000080002d0                USART3_IRQHandler
                0x00000000080002d0                RTC_IRQHandler
                0x00000000080002d0                DMA1_Channel7_IRQHandler
                0x00000000080002d0                UART5_IRQHandler
                0x00000000080002d0                ADC3_IRQHandler
                0x00000000080002d0                TIM4_IRQHandler
                0x00000000080002d0                CAN_RX1_IRQHandler
                0x00000000080002d0                DMA2_Channel1_IRQHandler
                0x00000000080002d0                I2C1_EV_IRQHandler
                0x00000000080002d0                DMA1_Channel6_IRQHandler
                0x00000000080002d0                UART4_IRQHandler
                0x00000000080002d0                TIM3_IRQHandler
                0x00000000080002d0                RCC_IRQHandler
                0x00000000080002d0                TIM1_TRG_COM_IRQHandler
                0x00000000080002d0                DMA1_Channel1_IRQHandler
                0x00000000080002d0                Default_Handler
                0x00000000080002d0                EXTI15_10_IRQHandler
                0x00000000080002d0                TIM7_IRQHandler
                0x00000000080002d0                TIM5_IRQHandler
                0x00000000080002d0                EXTI9_5_IRQHandler
                0x00000000080002d0                SPI2_IRQHandler
                0x00000000080002d0                USB_LP_CAN_RX0_IRQHandler
                0x00000000080002d0                MemManage_Handler
                0x00000000080002d0                SVC_Handler
                0x00000000080002d0                DMA1_Channel5_IRQHandler
                0x00000000080002d0                EXTI4_IRQHandler
                0x00000000080002d0                DMA1_Channel3_IRQHandler
                0x00000000080002d0                FSMC_IRQHandler
                0x00000000080002d0                TIM1_UP_IRQHandler
                0x00000000080002d0                WWDG_IRQHandler
                0x00000000080002d0                TIM2_IRQHandler
                0x00000000080002d0                TIM1_BRK_IRQHandler
                0x00000000080002d0                EXTI1_IRQHandler
                0x00000000080002d0                RTCAlarm_IRQHandler
                0x00000000080002d0                DMA2_Channel4_5_IRQHandler
                0x00000000080002d0                USART2_IRQHandler
                0x00000000080002d0                I2C2_ER_IRQHandler
                0x00000000080002d0                DMA1_Channel2_IRQHandler
                0x00000000080002d0                TIM8_BRK_IRQHandler
                0x00000000080002d0                FLASH_IRQHandler
                0x00000000080002d0                BusFault_Handler
                0x00000000080002d0                USART1_IRQHandler
                0x00000000080002d0                SPI3_IRQHandler
                0x00000000080002d0                I2C1_ER_IRQHandler
                0x00000000080002d0                DMA2_Channel3_IRQHandler
 *fill*         0x00000000080002d2        0x2 
 .text.__libc_init_array
                0x00000000080002d4       0x48 /home/warchlak/Ac6/SystemWorkbench/plugins/fr.ac6.mcu.externaltools.arm-none.linux64_1.17.0.201812190825/tools/compiler/bin/../lib/gcc/arm-none-eabi/7.3.1/../../../../arm-none-eabi/lib/thumb/v7-m/libc.a(lib_a-init.o)
                0x00000000080002d4                __libc_init_array
 .text.startup.register_fini
                0x000000000800031c       0x14 /home/warchlak/Ac6/SystemWorkbench/plugins/fr.ac6.mcu.externaltools.arm-none.linux64_1.17.0.201812190825/tools/compiler/bin/../lib/gcc/arm-none-eabi/7.3.1/../../../../arm-none-eabi/lib/thumb/v7-m/libc.a(lib_a-__call_atexit.o)
 .text.atexit   0x0000000008000330        0xc /home/warchlak/Ac6/SystemWorkbench/plugins/fr.ac6.mcu.externaltools.arm-none.linux64_1.17.0.201812190825/tools/compiler/bin/../lib/gcc/arm-none-eabi/7.3.1/../../../../arm-none-eabi/lib/thumb/v7-m/libc.a(lib_a-atexit.o)
                0x0000000008000330                atexit
 .text.__libc_fini_array
                0x000000000800033c       0x34 /home/warchlak/Ac6/SystemWorkbench/plugins/fr.ac6.mcu.externaltools.arm-none.linux64_1.17.0.201812190825/tools/compiler/bin/../lib/gcc/arm-none-eabi/7.3.1/../../../../arm-none-eabi/lib/thumb/v7-m/libc.a(lib_a-fini.o)
                0x000000000800033c                __libc_fini_array
 .text.__retarget_lock_acquire_recursive
                0x0000000008000370        0x4 /home/warchlak/Ac6/SystemWorkbench/plugins/fr.ac6.mcu.externaltools.arm-none.linux64_1.17.0.201812190825/tools/compiler/bin/../lib/gcc/arm-none-eabi/7.3.1/../../../../arm-none-eabi/lib/thumb/v7-m/libc.a(lib_a-lock.o)
                0x0000000008000370                __retarget_lock_acquire_recursive
 .text.__retarget_lock_release_recursive
                0x0000000008000374        0x4 /home/warchlak/Ac6/SystemWorkbench/plugins/fr.ac6.mcu.externaltools.arm-none.linux64_1.17.0.201812190825/tools/compiler/bin/../lib/gcc/arm-none-eabi/7.3.1/../../../../arm-none-eabi/lib/thumb/v7-m/libc.a(lib_a-lock.o)
                0x0000000008000374                __retarget_lock_release_recursive
 .text.__register_exitproc
                0x0000000008000378       0xc0 /home/warchlak/Ac6/SystemWorkbench/plugins/fr.ac6.mcu.externaltools.arm-none.linux64_1.17.0.201812190825/tools/compiler/bin/../lib/gcc/arm-none-eabi/7.3.1/../../../../arm-none-eabi/lib/thumb/v7-m/libc.a(lib_a-__atexit.o)
                0x0000000008000378                __register_exitproc
 *(.glue_7)
 .glue_7        0x0000000008000438        0x0 linker stubs
 *(.glue_7t)
 .glue_7t       0x0000000008000438        0x0 linker stubs
 *(.eh_frame)
 .eh_frame      0x0000000008000438        0x0 /home/warchlak/Ac6/SystemWorkbench/plugins/fr.ac6.mcu.externaltools.arm-none.linux64_1.17.0.201812190825/tools/compiler/bin/../lib/gcc/arm-none-eabi/7.3.1/thumb/v7-m/crtbegin.o
 *(.init)
 .init          0x0000000008000438        0x4 /home/warchlak/Ac6/SystemWorkbench/plugins/fr.ac6.mcu.externaltools.arm-none.linux64_1.17.0.201812190825/tools/compiler/bin/../lib/gcc/arm-none-eabi/7.3.1/thumb/v7-m/crti.o
                0x0000000008000438                _init
 .init          0x000000000800043c        0x8 /home/warchlak/Ac6/SystemWorkbench/plugins/fr.ac6.mcu.externaltools.arm-none.linux64_1.17.0.201812190825/tools/compiler/bin/../lib/gcc/arm-none-eabi/7.3.1/thumb/v7-m/crtn.o
 *(.fini)
 .fini          0x0000000008000444        0x4 /home/warchlak/Ac6/SystemWorkbench/plugins/fr.ac6.mcu.externaltools.arm-none.linux64_1.17.0.201812190825/tools/compiler/bin/../lib/gcc/arm-none-eabi/7.3.1/thumb/v7-m/crti.o
                0x0000000008000444                _fini
 .fini          0x0000000008000448        0x8 /home/warchlak/Ac6/SystemWorkbench/plugins/fr.ac6.mcu.externaltools.arm-none.linux64_1.17.0.201812190825/tools/compiler/bin/../lib/gcc/arm-none-eabi/7.3.1/thumb/v7-m/crtn.o
                0x0000000008000450                . = ALIGN (0x4)
                0x0000000008000450                _etext = .

.vfp11_veneer   0x0000000008000450        0x0
 .vfp11_veneer  0x0000000008000450        0x0 linker stubs

.v4_bx          0x0000000008000450        0x0
 .v4_bx         0x0000000008000450        0x0 linker stubs

.iplt           0x0000000008000450        0x0
 .iplt          0x0000000008000450        0x0 /home/warchlak/Ac6/SystemWorkbench/plugins/fr.ac6.mcu.externaltools.arm-none.linux64_1.17.0.201812190825/tools/compiler/bin/../lib/gcc/arm-none-eabi/7.3.1/thumb/v7-m/crtbegin.o

.rodata         0x0000000008000450        0x4
                0x0000000008000450                . = ALIGN (0x4)
 *(.rodata)
 *(.rodata*)
 .rodata._global_impure_ptr
                0x0000000008000450        0x4 /home/warchlak/Ac6/SystemWorkbench/plugins/fr.ac6.mcu.externaltools.arm-none.linux64_1.17.0.201812190825/tools/compiler/bin/../lib/gcc/arm-none-eabi/7.3.1/../../../../arm-none-eabi/lib/thumb/v7-m/libc.a(lib_a-impure.o)
                0x0000000008000450                _global_impure_ptr
                0x0000000008000454                . = ALIGN (0x4)

.rel.dyn        0x0000000008000454        0x0
 .rel.iplt      0x0000000008000454        0x0 /home/warchlak/Ac6/SystemWorkbench/plugins/fr.ac6.mcu.externaltools.arm-none.linux64_1.17.0.201812190825/tools/compiler/bin/../lib/gcc/arm-none-eabi/7.3.1/thumb/v7-m/crtbegin.o

.ARM.extab      0x0000000008000454        0x0
                0x0000000008000454                . = ALIGN (0x4)
 *(.ARM.extab* .gnu.linkonce.armextab.*)
                0x0000000008000454                . = ALIGN (0x4)

.ARM            0x0000000008000454        0x0
                0x0000000008000454                . = ALIGN (0x4)
                0x0000000008000454                __exidx_start = .
 *(.ARM.exidx*)
                0x0000000008000454                __exidx_end = .
                0x0000000008000454                . = ALIGN (0x4)

.preinit_array  0x0000000008000454        0x0
                0x0000000008000454                . = ALIGN (0x4)
                0x0000000008000454                PROVIDE (__preinit_array_start = .)
 *(.preinit_array*)
                0x0000000008000454                PROVIDE (__preinit_array_end = .)
                0x0000000008000454                . = ALIGN (0x4)

.init_array     0x0000000008000454        0x8
                0x0000000008000454                . = ALIGN (0x4)
                0x0000000008000454                PROVIDE (__init_array_start = .)
 *(SORT_BY_NAME(.init_array.*))
 .init_array.00000
                0x0000000008000454        0x4 /home/warchlak/Ac6/SystemWorkbench/plugins/fr.ac6.mcu.externaltools.arm-none.linux64_1.17.0.201812190825/tools/compiler/bin/../lib/gcc/arm-none-eabi/7.3.1/../../../../arm-none-eabi/lib/thumb/v7-m/libc.a(lib_a-__call_atexit.o)
 *(.init_array*)
 .init_array    0x0000000008000458        0x4 /home/warchlak/Ac6/SystemWorkbench/plugins/fr.ac6.mcu.externaltools.arm-none.linux64_1.17.0.201812190825/tools/compiler/bin/../lib/gcc/arm-none-eabi/7.3.1/thumb/v7-m/crtbegin.o
                0x000000000800045c                PROVIDE (__init_array_end = .)
                0x000000000800045c                . = ALIGN (0x4)

.fini_array     0x000000000800045c        0x4
                0x000000000800045c                . = ALIGN (0x4)
                0x000000000800045c                PROVIDE (__fini_array_start = .)
 *(SORT_BY_NAME(.fini_array.*))
 *(.fini_array*)
 .fini_array    0x000000000800045c        0x4 /home/warchlak/Ac6/SystemWorkbench/plugins/fr.ac6.mcu.externaltools.arm-none.linux64_1.17.0.201812190825/tools/compiler/bin/../lib/gcc/arm-none-eabi/7.3.1/thumb/v7-m/crtbegin.o
                0x0000000008000460                PROVIDE (__fini_array_end = .)
                0x0000000008000460                . = ALIGN (0x4)
                0x0000000008000460                _sidata = LOADADDR (.data)

.data           0x0000000020000000      0x42c load address 0x0000000008000460
                0x0000000020000000                . = ALIGN (0x4)
                0x0000000020000000                _sdata = .
 *(.data)
 *(.data*)
 .data.impure_data
                0x0000000020000000      0x428 /home/warchlak/Ac6/SystemWorkbench/plugins/fr.ac6.mcu.externaltools.arm-none.linux64_1.17.0.201812190825/tools/compiler/bin/../lib/gcc/arm-none-eabi/7.3.1/../../../../arm-none-eabi/lib/thumb/v7-m/libc.a(lib_a-impure.o)
 .data.__atexit_recursive_mutex
                0x0000000020000428        0x4 /home/warchlak/Ac6/SystemWorkbench/plugins/fr.ac6.mcu.externaltools.arm-none.linux64_1.17.0.201812190825/tools/compiler/bin/../lib/gcc/arm-none-eabi/7.3.1/../../../../arm-none-eabi/lib/thumb/v7-m/libc.a(lib_a-__call_atexit.o)
                0x0000000020000428                __atexit_recursive_mutex
                0x000000002000042c                . = ALIGN (0x4)
                0x000000002000042c                _edata = .

.igot.plt       0x000000002000042c        0x0 load address 0x000000000800088c
 .igot.plt      0x000000002000042c        0x0 /home/warchlak/Ac6/SystemWorkbench/plugins/fr.ac6.mcu.externaltools.arm-none.linux64_1.17.0.201812190825/tools/compiler/bin/../lib/gcc/arm-none-eabi/7.3.1/thumb/v7-m/crtbegin.o
                0x000000002000042c                . = ALIGN (0x4)

.bss            0x000000002000042c       0x40 load address 0x000000000800088c
                0x000000002000042c                _sbss = .
                0x000000002000042c                __bss_start__ = _sbss
 *(.bss)
 .bss           0x000000002000042c       0x1c /home/warchlak/Ac6/SystemWorkbench/plugins/fr.ac6.mcu.externaltools.arm-none.linux64_1.17.0.201812190825/tools/compiler/bin/../lib/gcc/arm-none-eabi/7.3.1/thumb/v7-m/crtbegin.o
 *(.bss*)
 *(COMMON)
 COMMON         0x0000000020000448       0x21 /home/warchlak/Ac6/SystemWorkbench/plugins/fr.ac6.mcu.externaltools.arm-none.linux64_1.17.0.201812190825/tools/compiler/bin/../lib/gcc/arm-none-eabi/7.3.1/../../../../arm-none-eabi/lib/thumb/v7-m/libc.a(lib_a-lock.o)
                0x0000000020000448                __lock___atexit_recursive_mutex
                0x000000002000044c                __lock___arc4random_mutex
                0x0000000020000450                __lock___env_recursive_mutex
                0x0000000020000454                __lock___sinit_recursive_mutex
                0x0000000020000458                __lock___malloc_recursive_mutex
                0x000000002000045c                __lock___at_quick_exit_mutex
                0x0000000020000460                __lock___dd_hash_mutex
                0x0000000020000464                __lock___tz_mutex
                0x0000000020000468                __lock___sfp_recursive_mutex
                0x000000002000046c                . = ALIGN (0x4)
 *fill*         0x0000000020000469        0x3 
                0x000000002000046c                _ebss = .
                0x000000002000046c                __bss_end__ = _ebss

._user_heap_stack
                0x000000002000046c      0x404 load address 0x000000000800088c
                0x0000000020000470                . = ALIGN (0x8)
 *fill*         0x000000002000046c        0x4 
                0x0000000020000470                PROVIDE (end = .)
                [!provide]                        PROVIDE (_end = .)
                0x0000000020000470                . = (. + _Min_Heap_Size)
                0x0000000020000870                . = (. + _Min_Stack_Size)
 *fill*         0x0000000020000470      0x400 
                0x0000000020000870                . = ALIGN (0x8)

/DISCARD/
 libc.a(*)
 libm.a(*)
 libgcc.a(*)

.ARM.attributes
                0x0000000000000000       0x29
 *(.ARM.attributes)
 .ARM.attributes
                0x0000000000000000       0x1d /home/warchlak/Ac6/SystemWorkbench/plugins/fr.ac6.mcu.externaltools.arm-none.linux64_1.17.0.201812190825/tools/compiler/bin/../lib/gcc/arm-none-eabi/7.3.1/thumb/v7-m/crti.o
 .ARM.attributes
                0x000000000000001d       0x2d /home/warchlak/Ac6/SystemWorkbench/plugins/fr.ac6.mcu.externaltools.arm-none.linux64_1.17.0.201812190825/tools/compiler/bin/../lib/gcc/arm-none-eabi/7.3.1/thumb/v7-m/crtbegin.o
 .ARM.attributes
                0x000000000000004a       0x33 src/main.o
 .ARM.attributes
                0x000000000000007d       0x33 src/system_stm32f10x.o
 .ARM.attributes
                0x00000000000000b0       0x21 startup/startup_stm32.o
 .ARM.attributes
                0x00000000000000d1       0x2d /home/warchlak/Ac6/SystemWorkbench/plugins/fr.ac6.mcu.externaltools.arm-none.linux64_1.17.0.201812190825/tools/compiler/bin/../lib/gcc/arm-none-eabi/7.3.1/../../../../arm-none-eabi/lib/thumb/v7-m/libc.a(lib_a-impure.o)
 .ARM.attributes
                0x00000000000000fe       0x2d /home/warchlak/Ac6/SystemWorkbench/plugins/fr.ac6.mcu.externaltools.arm-none.linux64_1.17.0.201812190825/tools/compiler/bin/../lib/gcc/arm-none-eabi/7.3.1/../../../../arm-none-eabi/lib/thumb/v7-m/libc.a(lib_a-init.o)
 .ARM.attributes
                0x000000000000012b       0x2d /home/warchlak/Ac6/SystemWorkbench/plugins/fr.ac6.mcu.externaltools.arm-none.linux64_1.17.0.201812190825/tools/compiler/bin/../lib/gcc/arm-none-eabi/7.3.1/../../../../arm-none-eabi/lib/thumb/v7-m/libc.a(lib_a-__call_atexit.o)
 .ARM.attributes
                0x0000000000000158       0x2d /home/warchlak/Ac6/SystemWorkbench/plugins/fr.ac6.mcu.externaltools.arm-none.linux64_1.17.0.201812190825/tools/compiler/bin/../lib/gcc/arm-none-eabi/7.3.1/../../../../arm-none-eabi/lib/thumb/v7-m/libc.a(lib_a-atexit.o)
 .ARM.attributes
                0x0000000000000185       0x2d /home/warchlak/Ac6/SystemWorkbench/plugins/fr.ac6.mcu.externaltools.arm-none.linux64_1.17.0.201812190825/tools/compiler/bin/../lib/gcc/arm-none-eabi/7.3.1/../../../../arm-none-eabi/lib/thumb/v7-m/libc.a(lib_a-fini.o)
 .ARM.attributes
                0x00000000000001b2       0x2d /home/warchlak/Ac6/SystemWorkbench/plugins/fr.ac6.mcu.externaltools.arm-none.linux64_1.17.0.201812190825/tools/compiler/bin/../lib/gcc/arm-none-eabi/7.3.1/../../../../arm-none-eabi/lib/thumb/v7-m/libc.a(lib_a-lock.o)
 .ARM.attributes
                0x00000000000001df       0x2d /home/warchlak/Ac6/SystemWorkbench/plugins/fr.ac6.mcu.externaltools.arm-none.linux64_1.17.0.201812190825/tools/compiler/bin/../lib/gcc/arm-none-eabi/7.3.1/../../../../arm-none-eabi/lib/thumb/v7-m/libc.a(lib_a-__atexit.o)
 .ARM.attributes
                0x000000000000020c       0x1d /home/warchlak/Ac6/SystemWorkbench/plugins/fr.ac6.mcu.externaltools.arm-none.linux64_1.17.0.201812190825/tools/compiler/bin/../lib/gcc/arm-none-eabi/7.3.1/thumb/v7-m/crtn.o
OUTPUT(bluepillsample.elf elf32-littlearm)

.comment        0x0000000000000000       0x7f
 .comment       0x0000000000000000       0x7f src/main.o
                                         0x80 (size before relaxing)
 .comment       0x000000000000007f       0x80 src/system_stm32f10x.o

.debug_frame    0x0000000000000000      0x1c0
 .debug_frame   0x0000000000000000       0x2c /home/warchlak/Ac6/SystemWorkbench/plugins/fr.ac6.mcu.externaltools.arm-none.linux64_1.17.0.201812190825/tools/compiler/bin/../lib/gcc/arm-none-eabi/7.3.1/../../../../arm-none-eabi/lib/thumb/v7-m/libc.a(lib_a-init.o)
 .debug_frame   0x000000000000002c       0x5c /home/warchlak/Ac6/SystemWorkbench/plugins/fr.ac6.mcu.externaltools.arm-none.linux64_1.17.0.201812190825/tools/compiler/bin/../lib/gcc/arm-none-eabi/7.3.1/../../../../arm-none-eabi/lib/thumb/v7-m/libc.a(lib_a-__call_atexit.o)
 .debug_frame   0x0000000000000088       0x20 /home/warchlak/Ac6/SystemWorkbench/plugins/fr.ac6.mcu.externaltools.arm-none.linux64_1.17.0.201812190825/tools/compiler/bin/../lib/gcc/arm-none-eabi/7.3.1/../../../../arm-none-eabi/lib/thumb/v7-m/libc.a(lib_a-atexit.o)
 .debug_frame   0x00000000000000a8       0x34 /home/warchlak/Ac6/SystemWorkbench/plugins/fr.ac6.mcu.externaltools.arm-none.linux64_1.17.0.201812190825/tools/compiler/bin/../lib/gcc/arm-none-eabi/7.3.1/../../../../arm-none-eabi/lib/thumb/v7-m/libc.a(lib_a-fini.o)
 .debug_frame   0x00000000000000dc       0xb0 /home/warchlak/Ac6/SystemWorkbench/plugins/fr.ac6.mcu.externaltools.arm-none.linux64_1.17.0.201812190825/tools/compiler/bin/../lib/gcc/arm-none-eabi/7.3.1/../../../../arm-none-eabi/lib/thumb/v7-m/libc.a(lib_a-lock.o)
 .debug_frame   0x000000000000018c       0x34 /home/warchlak/Ac6/SystemWorkbench/plugins/fr.ac6.mcu.externaltools.arm-none.linux64_1.17.0.201812190825/tools/compiler/bin/../lib/gcc/arm-none-eabi/7.3.1/../../../../arm-none-eabi/lib/thumb/v7-m/libc.a(lib_a-__atexit.o)
