Archive member included to satisfy reference by file (symbol)

/home/monko/Ac6/SystemWorkbench/plugins/fr.ac6.mcu.externaltools.arm-none.linux64_1.17.0.201812190825/tools/compiler/bin/../lib/gcc/arm-none-eabi/7.3.1/../../../../arm-none-eabi/lib/thumb/v7-m/libc.a(lib_a-errno.o)
                              src/syscalls.o (__errno)
/home/monko/Ac6/SystemWorkbench/plugins/fr.ac6.mcu.externaltools.arm-none.linux64_1.17.0.201812190825/tools/compiler/bin/../lib/gcc/arm-none-eabi/7.3.1/../../../../arm-none-eabi/lib/thumb/v7-m/libc.a(lib_a-exit.o)
                              /home/monko/Ac6/SystemWorkbench/plugins/fr.ac6.mcu.externaltools.arm-none.linux64_1.17.0.201812190825/tools/compiler/bin/../lib/gcc/arm-none-eabi/7.3.1/../../../../arm-none-eabi/lib/thumb/v7-m/crt0.o (exit)
/home/monko/Ac6/SystemWorkbench/plugins/fr.ac6.mcu.externaltools.arm-none.linux64_1.17.0.201812190825/tools/compiler/bin/../lib/gcc/arm-none-eabi/7.3.1/../../../../arm-none-eabi/lib/thumb/v7-m/libc.a(lib_a-impure.o)
                              /home/monko/Ac6/SystemWorkbench/plugins/fr.ac6.mcu.externaltools.arm-none.linux64_1.17.0.201812190825/tools/compiler/bin/../lib/gcc/arm-none-eabi/7.3.1/../../../../arm-none-eabi/lib/thumb/v7-m/libc.a(lib_a-exit.o) (_global_impure_ptr)
/home/monko/Ac6/SystemWorkbench/plugins/fr.ac6.mcu.externaltools.arm-none.linux64_1.17.0.201812190825/tools/compiler/bin/../lib/gcc/arm-none-eabi/7.3.1/../../../../arm-none-eabi/lib/thumb/v7-m/libc.a(lib_a-init.o)
                              /home/monko/Ac6/SystemWorkbench/plugins/fr.ac6.mcu.externaltools.arm-none.linux64_1.17.0.201812190825/tools/compiler/bin/../lib/gcc/arm-none-eabi/7.3.1/../../../../arm-none-eabi/lib/thumb/v7-m/crt0.o (__libc_init_array)
/home/monko/Ac6/SystemWorkbench/plugins/fr.ac6.mcu.externaltools.arm-none.linux64_1.17.0.201812190825/tools/compiler/bin/../lib/gcc/arm-none-eabi/7.3.1/../../../../arm-none-eabi/lib/thumb/v7-m/libc.a(lib_a-memset.o)
                              /home/monko/Ac6/SystemWorkbench/plugins/fr.ac6.mcu.externaltools.arm-none.linux64_1.17.0.201812190825/tools/compiler/bin/../lib/gcc/arm-none-eabi/7.3.1/../../../../arm-none-eabi/lib/thumb/v7-m/crt0.o (memset)
/home/monko/Ac6/SystemWorkbench/plugins/fr.ac6.mcu.externaltools.arm-none.linux64_1.17.0.201812190825/tools/compiler/bin/../lib/gcc/arm-none-eabi/7.3.1/../../../../arm-none-eabi/lib/thumb/v7-m/libc.a(lib_a-__call_atexit.o)
                              /home/monko/Ac6/SystemWorkbench/plugins/fr.ac6.mcu.externaltools.arm-none.linux64_1.17.0.201812190825/tools/compiler/bin/../lib/gcc/arm-none-eabi/7.3.1/../../../../arm-none-eabi/lib/thumb/v7-m/libc.a(lib_a-exit.o) (__call_exitprocs)
/home/monko/Ac6/SystemWorkbench/plugins/fr.ac6.mcu.externaltools.arm-none.linux64_1.17.0.201812190825/tools/compiler/bin/../lib/gcc/arm-none-eabi/7.3.1/../../../../arm-none-eabi/lib/thumb/v7-m/libc.a(lib_a-atexit.o)
                              /home/monko/Ac6/SystemWorkbench/plugins/fr.ac6.mcu.externaltools.arm-none.linux64_1.17.0.201812190825/tools/compiler/bin/../lib/gcc/arm-none-eabi/7.3.1/../../../../arm-none-eabi/lib/thumb/v7-m/libc.a(lib_a-__call_atexit.o) (atexit)
/home/monko/Ac6/SystemWorkbench/plugins/fr.ac6.mcu.externaltools.arm-none.linux64_1.17.0.201812190825/tools/compiler/bin/../lib/gcc/arm-none-eabi/7.3.1/../../../../arm-none-eabi/lib/thumb/v7-m/libc.a(lib_a-fini.o)
                              /home/monko/Ac6/SystemWorkbench/plugins/fr.ac6.mcu.externaltools.arm-none.linux64_1.17.0.201812190825/tools/compiler/bin/../lib/gcc/arm-none-eabi/7.3.1/../../../../arm-none-eabi/lib/thumb/v7-m/libc.a(lib_a-__call_atexit.o) (__libc_fini_array)
/home/monko/Ac6/SystemWorkbench/plugins/fr.ac6.mcu.externaltools.arm-none.linux64_1.17.0.201812190825/tools/compiler/bin/../lib/gcc/arm-none-eabi/7.3.1/../../../../arm-none-eabi/lib/thumb/v7-m/libc.a(lib_a-lock.o)
                              /home/monko/Ac6/SystemWorkbench/plugins/fr.ac6.mcu.externaltools.arm-none.linux64_1.17.0.201812190825/tools/compiler/bin/../lib/gcc/arm-none-eabi/7.3.1/../../../../arm-none-eabi/lib/thumb/v7-m/libc.a(lib_a-__call_atexit.o) (__retarget_lock_acquire_recursive)
/home/monko/Ac6/SystemWorkbench/plugins/fr.ac6.mcu.externaltools.arm-none.linux64_1.17.0.201812190825/tools/compiler/bin/../lib/gcc/arm-none-eabi/7.3.1/../../../../arm-none-eabi/lib/thumb/v7-m/libc.a(lib_a-__atexit.o)
                              /home/monko/Ac6/SystemWorkbench/plugins/fr.ac6.mcu.externaltools.arm-none.linux64_1.17.0.201812190825/tools/compiler/bin/../lib/gcc/arm-none-eabi/7.3.1/../../../../arm-none-eabi/lib/thumb/v7-m/libc.a(lib_a-atexit.o) (__register_exitproc)

Allocating common symbols
Common symbol       size              file

__lock___atexit_recursive_mutex
                    0x1               /home/monko/Ac6/SystemWorkbench/plugins/fr.ac6.mcu.externaltools.arm-none.linux64_1.17.0.201812190825/tools/compiler/bin/../lib/gcc/arm-none-eabi/7.3.1/../../../../arm-none-eabi/lib/thumb/v7-m/libc.a(lib_a-lock.o)
[...]
Memory Configuration

Name             Origin             Length             Attributes
RAM              0x0000000020000000 0x0000000000005000 xrw
ROM              0x0000000008000000 0x0000000000010000 xr
*default*        0x0000000000000000 0xffffffffffffffff

Linker script and memory map

LOAD /home/monko/Ac6/SystemWorkbench/plugins/fr.ac6.mcu.externaltools.arm-none.linux64_1.17.0.201812190825/tools/compiler/bin/../lib/gcc/arm-none-eabi/7.3.1/thumb/v7-m/crti.o
LOAD /home/monko/Ac6/SystemWorkbench/plugins/fr.ac6.mcu.externaltools.arm-none.linux64_1.17.0.201812190825/tools/compiler/bin/../lib/gcc/arm-none-eabi/7.3.1/thumb/v7-m/crtbegin.o
LOAD /home/monko/Ac6/SystemWorkbench/plugins/fr.ac6.mcu.externaltools.arm-none.linux64_1.17.0.201812190825/tools/compiler/bin/../lib/gcc/arm-none-eabi/7.3.1/../../../../arm-none-eabi/lib/thumb/v7-m/crt0.o
LOAD CMSIS/core/core_cm3.o
LOAD StdPeriph_Driver/src/misc.o
LOAD StdPeriph_Driver/src/stm32f10x_adc.o
LOAD StdPeriph_Driver/src/stm32f10x_bkp.o
LOAD StdPeriph_Driver/src/stm32f10x_can.o
LOAD StdPeriph_Driver/src/stm32f10x_cec.o
LOAD StdPeriph_Driver/src/stm32f10x_crc.o
LOAD StdPeriph_Driver/src/stm32f10x_dac.o
LOAD StdPeriph_Driver/src/stm32f10x_dbgmcu.o
LOAD StdPeriph_Driver/src/stm32f10x_dma.o
LOAD StdPeriph_Driver/src/stm32f10x_exti.o
LOAD StdPeriph_Driver/src/stm32f10x_flash.o
LOAD StdPeriph_Driver/src/stm32f10x_fsmc.o
LOAD StdPeriph_Driver/src/stm32f10x_gpio.o
LOAD StdPeriph_Driver/src/stm32f10x_i2c.o
LOAD StdPeriph_Driver/src/stm32f10x_iwdg.o
LOAD StdPeriph_Driver/src/stm32f10x_pwr.o
LOAD StdPeriph_Driver/src/stm32f10x_rcc.o
LOAD StdPeriph_Driver/src/stm32f10x_rtc.o
LOAD StdPeriph_Driver/src/stm32f10x_sdio.o
LOAD StdPeriph_Driver/src/stm32f10x_spi.o
LOAD StdPeriph_Driver/src/stm32f10x_tim.o
LOAD StdPeriph_Driver/src/stm32f10x_usart.o
LOAD StdPeriph_Driver/src/stm32f10x_wwdg.o
LOAD src/configuration.o
LOAD src/ds18b20.o
LOAD src/i2c.o
LOAD src/keyboard.o
LOAD src/lcd.o
LOAD src/main.o
LOAD src/mainmenu.o
LOAD src/one_wire.o
LOAD src/radio2401l.o
LOAD src/spi_driver.o
LOAD src/syscalls.o
LOAD src/system_stm32f10x.o
LOAD src/timer.o
LOAD startup/startup_stm32.o
LOAD /home/monko/Ac6/SystemWorkbench/plugins/fr.ac6.mcu.externaltools.arm-none.linux64_1.17.0.201812190825/tools/compiler/bin/../lib/gcc/arm-none-eabi/7.3.1/../../../../arm-none-eabi/lib/thumb/v7-m/libm.a
START GROUP
LOAD /home/monko/Ac6/SystemWorkbench/plugins/fr.ac6.mcu.externaltools.arm-none.linux64_1.17.0.201812190825/tools/compiler/bin/../lib/gcc/arm-none-eabi/7.3.1/thumb/v7-m/libgcc.a
LOAD /home/monko/Ac6/SystemWorkbench/plugins/fr.ac6.mcu.externaltools.arm-none.linux64_1.17.0.201812190825/tools/compiler/bin/../lib/gcc/arm-none-eabi/7.3.1/../../../../arm-none-eabi/lib/thumb/v7-m/libc.a
END GROUP
LOAD /home/monko/Ac6/SystemWorkbench/plugins/fr.ac6.mcu.externaltools.arm-none.linux64_1.17.0.201812190825/tools/compiler/bin/../lib/gcc/arm-none-eabi/7.3.1/thumb/v7-m/crtend.o
LOAD /home/monko/Ac6/SystemWorkbench/plugins/fr.ac6.mcu.externaltools.arm-none.linux64_1.17.0.201812190825/tools/compiler/bin/../lib/gcc/arm-none-eabi/7.3.1/thumb/v7-m/crtn.o
                0x0000000020005000                _estack = 0x20005000
                0x0000000000000000                _Min_Heap_Size = 0x0
                0x0000000000000400                _Min_Stack_Size = 0x400

.isr_vector     0x0000000008000000      0x130
                0x0000000008000000                . = ALIGN (0x4)
 *(.isr_vector)
 .isr_vector    0x0000000008000000      0x130 startup/startup_stm32.o
                0x0000000008000000                g_pfnVectors
                0x0000000008000130                . = ALIGN (0x4)

.text           0x0000000008000130     0x1e80
                0x0000000008000130                . = ALIGN (0x4)
 *(.text)
 .text          0x0000000008000130       0x40 /home/monko/Ac6/SystemWorkbench/plugins/fr.ac6.mcu.externaltools.arm-none.linux64_1.17.0.201812190825/tools/compiler/bin/../lib/gcc/arm-none-eabi/7.3.1/thumb/v7-m/crtbegin.o
 *(.text*)
 .text.NVIC_Init
                0x0000000008000170       0x58 StdPeriph_Driver/src/misc.o
                0x0000000008000170                NVIC_Init
 .text.EXTI_Init
                0x00000000080001c8       0x7c StdPeriph_Driver/src/stm32f10x_exti.o
                0x00000000080001c8                EXTI_Init
 .text.EXTI_StructInit
                0x0000000008000244       0x10 StdPeriph_Driver/src/stm32f10x_exti.o
                0x0000000008000244                EXTI_StructInit
 .text.EXTI_GetITStatus
                0x0000000008000254       0x1c StdPeriph_Driver/src/stm32f10x_exti.o
                0x0000000008000254                EXTI_GetITStatus
 .text.EXTI_ClearITPendingBit
                0x0000000008000270        0xc StdPeriph_Driver/src/stm32f10x_exti.o
                0x0000000008000270                EXTI_ClearITPendingBit
 .text.GPIO_Init
                0x000000000800027c      0x30c StdPeriph_Driver/src/stm32f10x_gpio.o
                0x000000000800027c                GPIO_Init
 .text.GPIO_StructInit
                0x0000000008000588       0x10 StdPeriph_Driver/src/stm32f10x_gpio.o
                0x0000000008000588                GPIO_StructInit
 .text.GPIO_ReadInputDataBit
                0x0000000008000598        0xc StdPeriph_Driver/src/stm32f10x_gpio.o
                0x0000000008000598                GPIO_ReadInputDataBit
 .text.GPIO_SetBits
                0x00000000080005a4        0x4 StdPeriph_Driver/src/stm32f10x_gpio.o
                0x00000000080005a4                GPIO_SetBits
 .text.GPIO_ResetBits
                0x00000000080005a8        0x4 StdPeriph_Driver/src/stm32f10x_gpio.o
                0x00000000080005a8                GPIO_ResetBits
 .text.GPIO_WriteBit
                0x00000000080005ac        0xc StdPeriph_Driver/src/stm32f10x_gpio.o
                0x00000000080005ac                GPIO_WriteBit
 .text.GPIO_EXTILineConfig
                0x00000000080005b8       0x30 StdPeriph_Driver/src/stm32f10x_gpio.o
                0x00000000080005b8                GPIO_EXTILineConfig
 .text.I2C_Init
                0x00000000080005e8       0xd0 StdPeriph_Driver/src/stm32f10x_i2c.o
                0x00000000080005e8                I2C_Init
 .text.I2C_StructInit
                0x00000000080006b8       0x20 StdPeriph_Driver/src/stm32f10x_i2c.o
                0x00000000080006b8                I2C_StructInit
 .text.I2C_Cmd  0x00000000080006d8       0x18 StdPeriph_Driver/src/stm32f10x_i2c.o
                0x00000000080006d8                I2C_Cmd
 .text.I2C_GenerateSTART
                0x00000000080006f0       0x18 StdPeriph_Driver/src/stm32f10x_i2c.o
                0x00000000080006f0                I2C_GenerateSTART
 .text.I2C_GenerateSTOP
                0x0000000008000708       0x18 StdPeriph_Driver/src/stm32f10x_i2c.o
                0x0000000008000708                I2C_GenerateSTOP
 .text.I2C_SendData
                0x0000000008000720        0x4 StdPeriph_Driver/src/stm32f10x_i2c.o
                0x0000000008000720                I2C_SendData
 .text.I2C_Send7bitAddress
                0x0000000008000724       0x18 StdPeriph_Driver/src/stm32f10x_i2c.o
                0x0000000008000724                I2C_Send7bitAddress
 .text.I2C_CheckEvent
                0x000000000800073c       0x18 StdPeriph_Driver/src/stm32f10x_i2c.o
                0x000000000800073c                I2C_CheckEvent
 .text.I2C_GetFlagStatus
                0x0000000008000754       0x38 StdPeriph_Driver/src/stm32f10x_i2c.o
                0x0000000008000754                I2C_GetFlagStatus
 .text.RCC_GetClocksFreq
                0x000000000800078c       0x8c StdPeriph_Driver/src/stm32f10x_rcc.o
                0x000000000800078c                RCC_GetClocksFreq
 .text.RCC_APB2PeriphClockCmd
                0x0000000008000818       0x18 StdPeriph_Driver/src/stm32f10x_rcc.o
                0x0000000008000818                RCC_APB2PeriphClockCmd
 .text.RCC_APB1PeriphClockCmd
                0x0000000008000830       0x18 StdPeriph_Driver/src/stm32f10x_rcc.o
                0x0000000008000830                RCC_APB1PeriphClockCmd
 .text.SPI_Init
                0x0000000008000848       0x40 StdPeriph_Driver/src/stm32f10x_spi.o
                0x0000000008000848                SPI_Init
 .text.SPI_StructInit
                0x0000000008000888       0x10 StdPeriph_Driver/src/stm32f10x_spi.o
                0x0000000008000888                SPI_StructInit
 .text.SPI_Cmd  0x0000000008000898       0x18 StdPeriph_Driver/src/stm32f10x_spi.o
                0x0000000008000898                SPI_Cmd
 .text.SPI_I2S_SendData
                0x00000000080008b0        0x4 StdPeriph_Driver/src/stm32f10x_spi.o
                0x00000000080008b0                SPI_I2S_SendData
 .text.SPI_I2S_ReceiveData
                0x00000000080008b4        0x4 StdPeriph_Driver/src/stm32f10x_spi.o
                0x00000000080008b4                SPI_I2S_ReceiveData
 .text.SPI_I2S_GetFlagStatus
                0x00000000080008b8        0xc StdPeriph_Driver/src/stm32f10x_spi.o
                0x00000000080008b8                SPI_I2S_GetFlagStatus
 .text.TIM_TimeBaseInit
                0x00000000080008c4       0xac StdPeriph_Driver/src/stm32f10x_tim.o
                0x00000000080008c4                TIM_TimeBaseInit
 .text.TIM_OC1Init
                0x0000000008000970       0x88 StdPeriph_Driver/src/stm32f10x_tim.o
                0x0000000008000970                TIM_OC1Init
 .text.TIM_TimeBaseStructInit
                0x00000000080009f8       0x10 StdPeriph_Driver/src/stm32f10x_tim.o
                0x00000000080009f8                TIM_TimeBaseStructInit
 .text.TIM_OCStructInit
                0x0000000008000a08        0xc StdPeriph_Driver/src/stm32f10x_tim.o
                0x0000000008000a08                TIM_OCStructInit
 .text.TIM_Cmd  0x0000000008000a14       0x18 StdPeriph_Driver/src/stm32f10x_tim.o
                0x0000000008000a14                TIM_Cmd
 .text.TIM_ITConfig
                0x0000000008000a2c       0x14 StdPeriph_Driver/src/stm32f10x_tim.o
                0x0000000008000a2c                TIM_ITConfig
 .text.TIM_SetCounter
                0x0000000008000a40        0x4 StdPeriph_Driver/src/stm32f10x_tim.o
                0x0000000008000a40                TIM_SetCounter
 .text.TIM_GetCounter
                0x0000000008000a44        0x4 StdPeriph_Driver/src/stm32f10x_tim.o
                0x0000000008000a44                TIM_GetCounter
 .text.TIM_GetITStatus
                0x0000000008000a48       0x18 StdPeriph_Driver/src/stm32f10x_tim.o
                0x0000000008000a48                TIM_GetITStatus
 .text.TIM_ClearITPendingBit
                0x0000000008000a60        0x8 StdPeriph_Driver/src/stm32f10x_tim.o
                0x0000000008000a60                TIM_ClearITPendingBit
 .text.TIM3_IRQHandler
                0x0000000008000a68       0x38 src/configuration.o
                0x0000000008000a68                TIM3_IRQHandler
 .text.EXTI0_IRQHandler
                0x0000000008000aa0       0x60 src/configuration.o
                0x0000000008000aa0                EXTI0_IRQHandler
 .text.EXTI1_IRQHandler
                0x0000000008000b00       0x60 src/configuration.o
                0x0000000008000b00                EXTI1_IRQHandler
 .text.EXTI2_IRQHandler
                0x0000000008000b60       0x60 src/configuration.o
                0x0000000008000b60                EXTI2_IRQHandler
 .text.EXTI3_IRQHandler
                0x0000000008000bc0       0x60 src/configuration.o
                0x0000000008000bc0                EXTI3_IRQHandler
 .text.configure_gpio
                0x0000000008000c20       0xac src/configuration.o
                0x0000000008000c20                configure_gpio
 .text.configure_spi
                0x0000000008000ccc       0xc4 src/configuration.o
                0x0000000008000ccc                configure_spi
 .text.configure_for_transmitter
                0x0000000008000d90      0x158 src/configuration.o
                0x0000000008000d90                configure_for_transmitter
 .text.i2c_send_byte
                0x0000000008000ee8      0x140 src/i2c.o
                0x0000000008000ee8                i2c_send_byte
 .text.keyboard_init
                0x0000000008001028       0x34 src/keyboard.o
                0x0000000008001028                keyboard_init
 .text.handle_pressed_key
                0x000000000800105c       0xa0 src/keyboard.o
                0x000000000800105c                handle_pressed_key
 .text.lcd_init
                0x00000000080010fc      0x1d0 src/lcd.o
                0x00000000080010fc                lcd_init
 .text.lcd_write_string
                0x00000000080012cc       0x5c src/lcd.o
                0x00000000080012cc                lcd_write_string
 .text.lcd_blink_on
                0x0000000008001328       0x3c src/lcd.o
                0x0000000008001328                lcd_blink_on
 .text.lcd_blink_off
                0x0000000008001364       0x3c src/lcd.o
                0x0000000008001364                lcd_blink_off
 .text.lcd_move_cursor
                0x00000000080013a0       0x58 src/lcd.o
                0x00000000080013a0                lcd_move_cursor
 .text.lcd_write_char
                0x00000000080013f8       0x4c src/lcd.o
                0x00000000080013f8                lcd_write_char
 .text.loop_transmitter
                0x0000000008001444       0x70 src/main.o
                0x0000000008001444                loop_transmitter
 .text.startup.main
                0x00000000080014b4       0x34 src/main.o
                0x00000000080014b4                main
 .text._handle_button_edit
                0x00000000080014e8      0x13c src/mainmenu.o
                0x00000000080014e8                _handle_button_edit
 .text.set_current_temp
                0x0000000008001624      0x160 src/mainmenu.o
                0x0000000008001624                set_current_temp
 .text.menu_write_temperature
                0x0000000008001784       0x6c src/mainmenu.o
                0x0000000008001784                menu_write_temperature
 .text._handle_button_display
                0x00000000080017f0       0x68 src/mainmenu.o
                0x00000000080017f0                _handle_button_display
 .text.menu_init
                0x0000000008001858       0xcc src/mainmenu.o
                0x0000000008001858                menu_init
 .text.menu_handle_button_pressed
                0x0000000008001924        0xc src/mainmenu.o
                0x0000000008001924                menu_handle_button_pressed
 .text.parse_desired_temp
                0x0000000008001930       0x6c src/mainmenu.o
                0x0000000008001930                parse_desired_temp
 .text.is_temp_valid
                0x000000000800199c        0xc src/mainmenu.o
                0x000000000800199c                is_temp_valid
 .text.configure_chip_enable
                0x00000000080019a8       0x14 src/radio2401l.o
                0x00000000080019a8                configure_chip_enable
 .text.force_read_status
                0x00000000080019bc       0x28 src/radio2401l.o
                0x00000000080019bc                force_read_status
 .text.configure_as_transmitter
                0x00000000080019e4       0xf8 src/radio2401l.o
                0x00000000080019e4                configure_as_transmitter
 .text.has_received_data
                0x0000000008001adc       0x10 src/radio2401l.o
                0x0000000008001adc                has_received_data
 .text.is_data_sent
                0x0000000008001aec       0x10 src/radio2401l.o
                0x0000000008001aec                is_data_sent
 .text.clear_int_flags
                0x0000000008001afc       0x40 src/radio2401l.o
                0x0000000008001afc                clear_int_flags
 .text.flush_tx
                0x0000000008001b3c       0x24 src/radio2401l.o
                0x0000000008001b3c                flush_tx
 .text.flush_rx
                0x0000000008001b60       0x24 src/radio2401l.o
                0x0000000008001b60                flush_rx
 .text.read_received
                0x0000000008001b84       0x38 src/radio2401l.o
                0x0000000008001b84                read_received
 .text.send     0x0000000008001bbc       0x58 src/radio2401l.o
                0x0000000008001bbc                send
 .text.spi_cs_down
                0x0000000008001c14       0x10 src/spi_driver.o
                0x0000000008001c14                spi_cs_down
 .text.spi_cs_up
                0x0000000008001c24       0x10 src/spi_driver.o
                0x0000000008001c24                spi_cs_up
 .text.spi_send_receive
                0x0000000008001c34       0x34 src/spi_driver.o
                0x0000000008001c34                spi_send_receive
 .text.configure_cs
                0x0000000008001c68       0x14 src/spi_driver.o
                0x0000000008001c68                configure_cs
 .text.SystemInit
                0x0000000008001c7c      0x104 src/system_stm32f10x.o
                0x0000000008001c7c                SystemInit
 .text.delay_us
                0x0000000008001d80       0x2c src/timer.o
                0x0000000008001d80                delay_us
 .text.delay_ms
                0x0000000008001dac       0x34 src/timer.o
                0x0000000008001dac                delay_ms
 .text.Reset_Handler
                0x0000000008001de0       0x50 startup/startup_stm32.o
                0x0000000008001de0                Reset_Handler
 .text.Default_Handler
                0x0000000008001e30        0x2 startup/startup_stm32.o
                0x0000000008001e30                TIM8_TRG_COM_IRQHandler
                0x0000000008001e30                TIM8_CC_IRQHandler
                0x0000000008001e30                DebugMon_Handler
                0x0000000008001e30                TIM1_CC_IRQHandler
                0x0000000008001e30                HardFault_Handler
                0x0000000008001e30                TIM6_IRQHandler
                0x0000000008001e30                SysTick_Handler
                0x0000000008001e30                PVD_IRQHandler
                0x0000000008001e30                SDIO_IRQHandler
                0x0000000008001e30                PendSV_Handler
                0x0000000008001e30                NMI_Handler
                0x0000000008001e30                USB_HP_CAN_TX_IRQHandler
                0x0000000008001e30                I2C2_EV_IRQHandler
                0x0000000008001e30                UsageFault_Handler
                0x0000000008001e30                ADC1_2_IRQHandler
                0x0000000008001e30                SPI1_IRQHandler
                0x0000000008001e30                CAN_SCE_IRQHandler
                0x0000000008001e30                TAMPER_IRQHandler
                0x0000000008001e30                TIM8_UP_IRQHandler
                0x0000000008001e30                DMA2_Channel2_IRQHandler
                0x0000000008001e30                DMA1_Channel4_IRQHandler
                0x0000000008001e30                USART3_IRQHandler
                0x0000000008001e30                RTC_IRQHandler
                0x0000000008001e30                DMA1_Channel7_IRQHandler
                0x0000000008001e30                UART5_IRQHandler
                0x0000000008001e30                ADC3_IRQHandler
                0x0000000008001e30                TIM4_IRQHandler
                0x0000000008001e30                CAN_RX1_IRQHandler
                0x0000000008001e30                DMA2_Channel1_IRQHandler
                0x0000000008001e30                I2C1_EV_IRQHandler
                0x0000000008001e30                DMA1_Channel6_IRQHandler
                0x0000000008001e30                UART4_IRQHandler
                0x0000000008001e30                RCC_IRQHandler
                0x0000000008001e30                TIM1_TRG_COM_IRQHandler
                0x0000000008001e30                DMA1_Channel1_IRQHandler
                0x0000000008001e30                Default_Handler
                0x0000000008001e30                EXTI15_10_IRQHandler
                0x0000000008001e30                TIM7_IRQHandler
                0x0000000008001e30                TIM5_IRQHandler
                0x0000000008001e30                EXTI9_5_IRQHandler
                0x0000000008001e30                SPI2_IRQHandler
                0x0000000008001e30                USB_LP_CAN_RX0_IRQHandler
                0x0000000008001e30                MemManage_Handler
                0x0000000008001e30                SVC_Handler
                0x0000000008001e30                DMA1_Channel5_IRQHandler
                0x0000000008001e30                EXTI4_IRQHandler
                0x0000000008001e30                DMA1_Channel3_IRQHandler
                0x0000000008001e30                FSMC_IRQHandler
                0x0000000008001e30                TIM1_UP_IRQHandler
                0x0000000008001e30                WWDG_IRQHandler
                0x0000000008001e30                TIM2_IRQHandler
                0x0000000008001e30                TIM1_BRK_IRQHandler
                0x0000000008001e30                RTCAlarm_IRQHandler
                0x0000000008001e30                DMA2_Channel4_5_IRQHandler
                0x0000000008001e30                USART2_IRQHandler
                0x0000000008001e30                I2C2_ER_IRQHandler
                0x0000000008001e30                DMA1_Channel2_IRQHandler
                0x0000000008001e30                TIM8_BRK_IRQHandler
                0x0000000008001e30                FLASH_IRQHandler
                0x0000000008001e30                BusFault_Handler
                0x0000000008001e30                USART1_IRQHandler
                0x0000000008001e30                SPI3_IRQHandler
                0x0000000008001e30                I2C1_ER_IRQHandler
                0x0000000008001e30                DMA2_Channel3_IRQHandler
 *fill*         0x0000000008001e32        0x2 
 .text.__libc_init_array
                0x0000000008001e34       0x48 /home/monko/Ac6/SystemWorkbench/plugins/fr.ac6.mcu.externaltools.arm-none.linux64_1.17.0.201812190825/tools/compiler/bin/../lib/gcc/arm-none-eabi/7.3.1/../../../../arm-none-eabi/lib/thumb/v7-m/libc.a(lib_a-init.o)
                0x0000000008001e34                __libc_init_array
 .text.startup.register_fini
                0x0000000008001e7c       0x14 /home/monko/Ac6/SystemWorkbench/plugins/fr.ac6.mcu.externaltools.arm-none.linux64_1.17.0.201812190825/tools/compiler/bin/../lib/gcc/arm-none-eabi/7.3.1/../../../../arm-none-eabi/lib/thumb/v7-m/libc.a(lib_a-__call_atexit.o)
 .text.atexit   0x0000000008001e90        0xc /home/monko/Ac6/SystemWorkbench/plugins/fr.ac6.mcu.externaltools.arm-none.linux64_1.17.0.201812190825/tools/compiler/bin/../lib/gcc/arm-none-eabi/7.3.1/../../../../arm-none-eabi/lib/thumb/v7-m/libc.a(lib_a-atexit.o)
                0x0000000008001e90                atexit
 .text.__libc_fini_array
                0x0000000008001e9c       0x34 /home/monko/Ac6/SystemWorkbench/plugins/fr.ac6.mcu.externaltools.arm-none.linux64_1.17.0.201812190825/tools/compiler/bin/../lib/gcc/arm-none-eabi/7.3.1/../../../../arm-none-eabi/lib/thumb/v7-m/libc.a(lib_a-fini.o)
                0x0000000008001e9c                __libc_fini_array
 .text.__retarget_lock_acquire_recursive
                0x0000000008001ed0        0x4 /home/monko/Ac6/SystemWorkbench/plugins/fr.ac6.mcu.externaltools.arm-none.linux64_1.17.0.201812190825/tools/compiler/bin/../lib/gcc/arm-none-eabi/7.3.1/../../../../arm-none-eabi/lib/thumb/v7-m/libc.a(lib_a-lock.o)
                0x0000000008001ed0                __retarget_lock_acquire_recursive
 .text.__retarget_lock_release_recursive
                0x0000000008001ed4        0x4 /home/monko/Ac6/SystemWorkbench/plugins/fr.ac6.mcu.externaltools.arm-none.linux64_1.17.0.201812190825/tools/compiler/bin/../lib/gcc/arm-none-eabi/7.3.1/../../../../arm-none-eabi/lib/thumb/v7-m/libc.a(lib_a-lock.o)
                0x0000000008001ed4                __retarget_lock_release_recursive
 .text.__register_exitproc
                0x0000000008001ed8       0xc0 /home/monko/Ac6/SystemWorkbench/plugins/fr.ac6.mcu.externaltools.arm-none.linux64_1.17.0.201812190825/tools/compiler/bin/../lib/gcc/arm-none-eabi/7.3.1/../../../../arm-none-eabi/lib/thumb/v7-m/libc.a(lib_a-__atexit.o)
                0x0000000008001ed8                __register_exitproc
 *(.glue_7)
 .glue_7        0x0000000008001f98        0x0 linker stubs
 *(.glue_7t)
 .glue_7t       0x0000000008001f98        0x0 linker stubs
 *(.eh_frame)
 .eh_frame      0x0000000008001f98        0x0 /home/monko/Ac6/SystemWorkbench/plugins/fr.ac6.mcu.externaltools.arm-none.linux64_1.17.0.201812190825/tools/compiler/bin/../lib/gcc/arm-none-eabi/7.3.1/thumb/v7-m/crtbegin.o
 *(.init)
 .init          0x0000000008001f98        0x4 /home/monko/Ac6/SystemWorkbench/plugins/fr.ac6.mcu.externaltools.arm-none.linux64_1.17.0.201812190825/tools/compiler/bin/../lib/gcc/arm-none-eabi/7.3.1/thumb/v7-m/crti.o
                0x0000000008001f98                _init
 .init          0x0000000008001f9c        0x8 /home/monko/Ac6/SystemWorkbench/plugins/fr.ac6.mcu.externaltools.arm-none.linux64_1.17.0.201812190825/tools/compiler/bin/../lib/gcc/arm-none-eabi/7.3.1/thumb/v7-m/crtn.o
 *(.fini)
 .fini          0x0000000008001fa4        0x4 /home/monko/Ac6/SystemWorkbench/plugins/fr.ac6.mcu.externaltools.arm-none.linux64_1.17.0.201812190825/tools/compiler/bin/../lib/gcc/arm-none-eabi/7.3.1/thumb/v7-m/crti.o
                0x0000000008001fa4                _fini
 .fini          0x0000000008001fa8        0x8 /home/monko/Ac6/SystemWorkbench/plugins/fr.ac6.mcu.externaltools.arm-none.linux64_1.17.0.201812190825/tools/compiler/bin/../lib/gcc/arm-none-eabi/7.3.1/thumb/v7-m/crtn.o
                0x0000000008001fb0                . = ALIGN (0x4)
                0x0000000008001fb0                _etext = .

.vfp11_veneer   0x0000000008001fb0        0x0
 .vfp11_veneer  0x0000000008001fb0        0x0 linker stubs

.v4_bx          0x0000000008001fb0        0x0
 .v4_bx         0x0000000008001fb0        0x0 linker stubs

.iplt           0x0000000008001fb0        0x0
 .iplt          0x0000000008001fb0        0x0 /home/monko/Ac6/SystemWorkbench/plugins/fr.ac6.mcu.externaltools.arm-none.linux64_1.17.0.201812190825/tools/compiler/bin/../lib/gcc/arm-none-eabi/7.3.1/thumb/v7-m/crtbegin.o

.rodata         0x0000000008001fb0       0x3c
                0x0000000008001fb0                . = ALIGN (0x4)
 *(.rodata)
 .rodata        0x0000000008001fb0       0x20 src/keyboard.o
                0x0000000008001fb0                columns_pins
                0x0000000008001fb8                rows_pins
                0x0000000008001fc0                button_map
 *(.rodata*)
 .rodata.str1.4
                0x0000000008001fd0       0x18 src/mainmenu.o
                                         0x17 (size before relaxing)
 .rodata._global_impure_ptr
                0x0000000008001fe8        0x4 /home/monko/Ac6/SystemWorkbench/plugins/fr.ac6.mcu.externaltools.arm-none.linux64_1.17.0.201812190825/tools/compiler/bin/../lib/gcc/arm-none-eabi/7.3.1/../../../../arm-none-eabi/lib/thumb/v7-m/libc.a(lib_a-impure.o)
                0x0000000008001fe8                _global_impure_ptr
                0x0000000008001fec                . = ALIGN (0x4)

.rel.dyn        0x0000000008001fec        0x0
 .rel.iplt      0x0000000008001fec        0x0 /home/monko/Ac6/SystemWorkbench/plugins/fr.ac6.mcu.externaltools.arm-none.linux64_1.17.0.201812190825/tools/compiler/bin/../lib/gcc/arm-none-eabi/7.3.1/thumb/v7-m/crtbegin.o

.ARM.extab      0x0000000008001fec        0x0
                0x0000000008001fec                . = ALIGN (0x4)
 *(.ARM.extab* .gnu.linkonce.armextab.*)
                0x0000000008001fec                . = ALIGN (0x4)

.ARM            0x0000000008001fec        0x0
                0x0000000008001fec                . = ALIGN (0x4)
                0x0000000008001fec                __exidx_start = .
 *(.ARM.exidx*)
                0x0000000008001fec                __exidx_end = .
                0x0000000008001fec                . = ALIGN (0x4)

.preinit_array  0x0000000008001fec        0x0
                0x0000000008001fec                . = ALIGN (0x4)
                0x0000000008001fec                PROVIDE (__preinit_array_start = .)
 *(.preinit_array*)
                0x0000000008001fec                PROVIDE (__preinit_array_end = .)
                0x0000000008001fec                . = ALIGN (0x4)

.init_array     0x0000000008001fec        0x8
                0x0000000008001fec                . = ALIGN (0x4)
                0x0000000008001fec                PROVIDE (__init_array_start = .)
 *(SORT_BY_NAME(.init_array.*))
 .init_array.00000
                0x0000000008001fec        0x4 /home/monko/Ac6/SystemWorkbench/plugins/fr.ac6.mcu.externaltools.arm-none.linux64_1.17.0.201812190825/tools/compiler/bin/../lib/gcc/arm-none-eabi/7.3.1/../../../../arm-none-eabi/lib/thumb/v7-m/libc.a(lib_a-__call_atexit.o)
 *(.init_array*)
 .init_array    0x0000000008001ff0        0x4 /home/monko/Ac6/SystemWorkbench/plugins/fr.ac6.mcu.externaltools.arm-none.linux64_1.17.0.201812190825/tools/compiler/bin/../lib/gcc/arm-none-eabi/7.3.1/thumb/v7-m/crtbegin.o
                0x0000000008001ff4                PROVIDE (__init_array_end = .)
                0x0000000008001ff4                . = ALIGN (0x4)

.fini_array     0x0000000008001ff4        0x4
                0x0000000008001ff4                . = ALIGN (0x4)
                0x0000000008001ff4                PROVIDE (__fini_array_start = .)
 *(SORT_BY_NAME(.fini_array.*))
 *(.fini_array*)
 .fini_array    0x0000000008001ff4        0x4 /home/monko/Ac6/SystemWorkbench/plugins/fr.ac6.mcu.externaltools.arm-none.linux64_1.17.0.201812190825/tools/compiler/bin/../lib/gcc/arm-none-eabi/7.3.1/thumb/v7-m/crtbegin.o
                0x0000000008001ff8                PROVIDE (__fini_array_end = .)
                0x0000000008001ff8                . = ALIGN (0x4)
                0x0000000008001ff8                _sidata = LOADADDR (.data)

.data           0x0000000020000000      0x45c load address 0x0000000008001ff8
                0x0000000020000000                . = ALIGN (0x4)
                0x0000000020000000                _sdata = .
 *(.data)
 .data          0x0000000020000000       0x14 StdPeriph_Driver/src/stm32f10x_rcc.o
 .data          0x0000000020000014       0x18 src/mainmenu.o
                0x0000000020000014                desired_temp_str
                0x0000000020000018                current_temp_str
                0x000000002000001c                ASCII_DIGITS
                0x0000000020000028                DIGITS_MULTIPLIERS
 .data          0x000000002000002c        0x3 src/radio2401l.o
                0x000000002000002c                base_address
 *(.data*)
 *fill*         0x000000002000002f        0x1 
 .data.impure_data
                0x0000000020000030      0x428 /home/monko/Ac6/SystemWorkbench/plugins/fr.ac6.mcu.externaltools.arm-none.linux64_1.17.0.201812190825/tools/compiler/bin/../lib/gcc/arm-none-eabi/7.3.1/../../../../arm-none-eabi/lib/thumb/v7-m/libc.a(lib_a-impure.o)
 .data.__atexit_recursive_mutex
                0x0000000020000458        0x4 /home/monko/Ac6/SystemWorkbench/plugins/fr.ac6.mcu.externaltools.arm-none.linux64_1.17.0.201812190825/tools/compiler/bin/../lib/gcc/arm-none-eabi/7.3.1/../../../../arm-none-eabi/lib/thumb/v7-m/libc.a(lib_a-__call_atexit.o)
                0x0000000020000458                __atexit_recursive_mutex
                0x000000002000045c                . = ALIGN (0x4)
                0x000000002000045c                _edata = .

.igot.plt       0x000000002000045c        0x0 load address 0x0000000008002454
 .igot.plt      0x000000002000045c        0x0 /home/monko/Ac6/SystemWorkbench/plugins/fr.ac6.mcu.externaltools.arm-none.linux64_1.17.0.201812190825/tools/compiler/bin/../lib/gcc/arm-none-eabi/7.3.1/thumb/v7-m/crtbegin.o
                0x000000002000045c                . = ALIGN (0x4)

.bss            0x000000002000045c       0x68 load address 0x0000000008002454
                0x000000002000045c                _sbss = .
                0x000000002000045c                __bss_start__ = _sbss
 *(.bss)
 .bss           0x000000002000045c       0x1c /home/monko/Ac6/SystemWorkbench/plugins/fr.ac6.mcu.externaltools.arm-none.linux64_1.17.0.201812190825/tools/compiler/bin/../lib/gcc/arm-none-eabi/7.3.1/thumb/v7-m/crtbegin.o
 .bss           0x0000000020000478        0x1 src/configuration.o
                0x0000000020000478                button_lock
 *fill*         0x0000000020000479        0x3 
 .bss           0x000000002000047c        0x9 src/main.o
                0x000000002000047c                desired_buffer
                0x0000000020000480                actual_buffer
                0x0000000020000482                failure_counter
                0x0000000020000483                histeresis_enabled
                0x0000000020000484                relay_status
 *fill*         0x0000000020000485        0x1 
 .bss           0x0000000020000486        0x6 src/mainmenu.o
                0x0000000020000486                current_character
                0x0000000020000487                current_state
                0x0000000020000488                temp_valid
                0x000000002000048a                current_temperature
 *(.bss*)
 *(COMMON)
 COMMON         0x000000002000048c        0x1 src/i2c.o
                0x000000002000048c                error_status
 *fill*         0x000000002000048d        0x3 
 COMMON         0x0000000020000490        0x4 src/mainmenu.o
                0x0000000020000490                handler
 COMMON         0x0000000020000494        0x9 src/radio2401l.o
                0x0000000020000494                pin
                0x0000000020000498                port
                0x000000002000049c                status
 *fill*         0x000000002000049d        0x3 
 COMMON         0x00000000200004a0       0x21 /home/monko/Ac6/SystemWorkbench/plugins/fr.ac6.mcu.externaltools.arm-none.linux64_1.17.0.201812190825/tools/compiler/bin/../lib/gcc/arm-none-eabi/7.3.1/../../../../arm-none-eabi/lib/thumb/v7-m/libc.a(lib_a-lock.o)
                0x00000000200004a0                __lock___atexit_recursive_mutex
                0x00000000200004a4                __lock___arc4random_mutex
                0x00000000200004a8                __lock___env_recursive_mutex
                0x00000000200004ac                __lock___sinit_recursive_mutex
                0x00000000200004b0                __lock___malloc_recursive_mutex
                0x00000000200004b4                __lock___at_quick_exit_mutex
                0x00000000200004b8                __lock___dd_hash_mutex
                0x00000000200004bc                __lock___tz_mutex
                0x00000000200004c0                __lock___sfp_recursive_mutex
                0x00000000200004c4                . = ALIGN (0x4)
 *fill*         0x00000000200004c1        0x3 
                0x00000000200004c4                _ebss = .
                0x00000000200004c4                __bss_end__ = _ebss

._user_heap_stack
                0x00000000200004c4      0x404 load address 0x0000000008002454
                0x00000000200004c8                . = ALIGN (0x8)
 *fill*         0x00000000200004c4        0x4 
                0x00000000200004c8                PROVIDE (end = .)
                [!provide]                        PROVIDE (_end = .)
                0x00000000200004c8                . = (. + _Min_Heap_Size)
                0x00000000200008c8                . = (. + _Min_Stack_Size)
 *fill*         0x00000000200004c8      0x400 
                0x00000000200008c8                . = ALIGN (0x8)

/DISCARD/
 libc.a(*)
 libm.a(*)
 libgcc.a(*)

.ARM.attributes
                0x0000000000000000       0x29
 *(.ARM.attributes)
 .ARM.attributes
                0x0000000000000000       0x1d /home/monko/Ac6/SystemWorkbench/plugins/fr.ac6.mcu.externaltools.arm-none.linux64_1.17.0.201812190825/tools/compiler/bin/../lib/gcc/arm-none-eabi/7.3.1/thumb/v7-m/crti.o
 .ARM.attributes
                0x000000000000001d       0x2d /home/monko/Ac6/SystemWorkbench/plugins/fr.ac6.mcu.externaltools.arm-none.linux64_1.17.0.201812190825/tools/compiler/bin/../lib/gcc/arm-none-eabi/7.3.1/thumb/v7-m/crtbegin.o
 .ARM.attributes
                0x000000000000004a       0x33 StdPeriph_Driver/src/misc.o
 .ARM.attributes
                0x000000000000007d       0x33 StdPeriph_Driver/src/stm32f10x_exti.o
 .ARM.attributes
                0x00000000000000b0       0x33 StdPeriph_Driver/src/stm32f10x_gpio.o
 .ARM.attributes
                0x00000000000000e3       0x33 StdPeriph_Driver/src/stm32f10x_i2c.o
 .ARM.attributes
                0x0000000000000116       0x33 StdPeriph_Driver/src/stm32f10x_rcc.o
 .ARM.attributes
                0x0000000000000149       0x33 StdPeriph_Driver/src/stm32f10x_spi.o
 .ARM.attributes
                0x000000000000017c       0x33 StdPeriph_Driver/src/stm32f10x_tim.o
 .ARM.attributes
                0x00000000000001af       0x33 src/configuration.o
 .ARM.attributes
                0x00000000000001e2       0x33 src/i2c.o
 .ARM.attributes
                0x0000000000000215       0x33 src/keyboard.o
 .ARM.attributes
                0x0000000000000248       0x33 src/lcd.o
 .ARM.attributes
                0x000000000000027b       0x33 src/main.o
 .ARM.attributes
                0x00000000000002ae       0x33 src/mainmenu.o
 .ARM.attributes
                0x00000000000002e1       0x33 src/radio2401l.o
 .ARM.attributes
                0x0000000000000314       0x33 src/spi_driver.o
 .ARM.attributes
                0x0000000000000347       0x33 src/system_stm32f10x.o
 .ARM.attributes
                0x000000000000037a       0x33 src/timer.o
 .ARM.attributes
                0x00000000000003ad       0x21 startup/startup_stm32.o
 .ARM.attributes
                0x00000000000003ce       0x2d /home/monko/Ac6/SystemWorkbench/plugins/fr.ac6.mcu.externaltools.arm-none.linux64_1.17.0.201812190825/tools/compiler/bin/../lib/gcc/arm-none-eabi/7.3.1/../../../../arm-none-eabi/lib/thumb/v7-m/libc.a(lib_a-impure.o)
 .ARM.attributes
                0x00000000000003fb       0x2d /home/monko/Ac6/SystemWorkbench/plugins/fr.ac6.mcu.externaltools.arm-none.linux64_1.17.0.201812190825/tools/compiler/bin/../lib/gcc/arm-none-eabi/7.3.1/../../../../arm-none-eabi/lib/thumb/v7-m/libc.a(lib_a-init.o)
 .ARM.attributes
                0x0000000000000428       0x2d /home/monko/Ac6/SystemWorkbench/plugins/fr.ac6.mcu.externaltools.arm-none.linux64_1.17.0.201812190825/tools/compiler/bin/../lib/gcc/arm-none-eabi/7.3.1/../../../../arm-none-eabi/lib/thumb/v7-m/libc.a(lib_a-__call_atexit.o)
 .ARM.attributes
                0x0000000000000455       0x2d /home/monko/Ac6/SystemWorkbench/plugins/fr.ac6.mcu.externaltools.arm-none.linux64_1.17.0.201812190825/tools/compiler/bin/../lib/gcc/arm-none-eabi/7.3.1/../../../../arm-none-eabi/lib/thumb/v7-m/libc.a(lib_a-atexit.o)
 .ARM.attributes
                0x0000000000000482       0x2d /home/monko/Ac6/SystemWorkbench/plugins/fr.ac6.mcu.externaltools.arm-none.linux64_1.17.0.201812190825/tools/compiler/bin/../lib/gcc/arm-none-eabi/7.3.1/../../../../arm-none-eabi/lib/thumb/v7-m/libc.a(lib_a-fini.o)
 .ARM.attributes
                0x00000000000004af       0x2d /home/monko/Ac6/SystemWorkbench/plugins/fr.ac6.mcu.externaltools.arm-none.linux64_1.17.0.201812190825/tools/compiler/bin/../lib/gcc/arm-none-eabi/7.3.1/../../../../arm-none-eabi/lib/thumb/v7-m/libc.a(lib_a-lock.o)
 .ARM.attributes
                0x00000000000004dc       0x2d /home/monko/Ac6/SystemWorkbench/plugins/fr.ac6.mcu.externaltools.arm-none.linux64_1.17.0.201812190825/tools/compiler/bin/../lib/gcc/arm-none-eabi/7.3.1/../../../../arm-none-eabi/lib/thumb/v7-m/libc.a(lib_a-__atexit.o)
 .ARM.attributes
                0x0000000000000509       0x1d /home/monko/Ac6/SystemWorkbench/plugins/fr.ac6.mcu.externaltools.arm-none.linux64_1.17.0.201812190825/tools/compiler/bin/../lib/gcc/arm-none-eabi/7.3.1/thumb/v7-m/crtn.o
OUTPUT(bluepillsample.elf elf32-littlearm)

.comment        0x0000000000000000       0x7f
 .comment       0x0000000000000000       0x7f StdPeriph_Driver/src/misc.o
                                         0x80 (size before relaxing)
 .comment       0x000000000000007f       0x80 StdPeriph_Driver/src/stm32f10x_exti.o
 .comment       0x000000000000007f       0x80 StdPeriph_Driver/src/stm32f10x_gpio.o
 .comment       0x000000000000007f       0x80 StdPeriph_Driver/src/stm32f10x_i2c.o
 .comment       0x000000000000007f       0x80 StdPeriph_Driver/src/stm32f10x_rcc.o
 .comment       0x000000000000007f       0x80 StdPeriph_Driver/src/stm32f10x_spi.o
 .comment       0x000000000000007f       0x80 StdPeriph_Driver/src/stm32f10x_tim.o
 .comment       0x000000000000007f       0x80 src/configuration.o
 .comment       0x000000000000007f       0x80 src/i2c.o
 .comment       0x000000000000007f       0x80 src/keyboard.o
 .comment       0x000000000000007f       0x80 src/lcd.o
 .comment       0x000000000000007f       0x80 src/main.o
 .comment       0x000000000000007f       0x80 src/mainmenu.o
 .comment       0x000000000000007f       0x80 src/radio2401l.o
 .comment       0x000000000000007f       0x80 src/spi_driver.o
 .comment       0x000000000000007f       0x80 src/system_stm32f10x.o
 .comment       0x000000000000007f       0x80 src/timer.o

.debug_frame    0x0000000000000000      0x1c0
 .debug_frame   0x0000000000000000       0x2c /home/monko/Ac6/SystemWorkbench/plugins/fr.ac6.mcu.externaltools.arm-none.linux64_1.17.0.201812190825/tools/compiler/bin/../lib/gcc/arm-none-eabi/7.3.1/../../../../arm-none-eabi/lib/thumb/v7-m/libc.a(lib_a-init.o)
 .debug_frame   0x000000000000002c       0x5c /home/monko/Ac6/SystemWorkbench/plugins/fr.ac6.mcu.externaltools.arm-none.linux64_1.17.0.201812190825/tools/compiler/bin/../lib/gcc/arm-none-eabi/7.3.1/../../../../arm-none-eabi/lib/thumb/v7-m/libc.a(lib_a-__call_atexit.o)
 .debug_frame   0x0000000000000088       0x20 /home/monko/Ac6/SystemWorkbench/plugins/fr.ac6.mcu.externaltools.arm-none.linux64_1.17.0.201812190825/tools/compiler/bin/../lib/gcc/arm-none-eabi/7.3.1/../../../../arm-none-eabi/lib/thumb/v7-m/libc.a(lib_a-atexit.o)
 .debug_frame   0x00000000000000a8       0x34 /home/monko/Ac6/SystemWorkbench/plugins/fr.ac6.mcu.externaltools.arm-none.linux64_1.17.0.201812190825/tools/compiler/bin/../lib/gcc/arm-none-eabi/7.3.1/../../../../arm-none-eabi/lib/thumb/v7-m/libc.a(lib_a-fini.o)
 .debug_frame   0x00000000000000dc       0xb0 /home/monko/Ac6/SystemWorkbench/plugins/fr.ac6.mcu.externaltools.arm-none.linux64_1.17.0.201812190825/tools/compiler/bin/../lib/gcc/arm-none-eabi/7.3.1/../../../../arm-none-eabi/lib/thumb/v7-m/libc.a(lib_a-lock.o)
 .debug_frame   0x000000000000018c       0x34 /home/monko/Ac6/SystemWorkbench/plugins/fr.ac6.mcu.externaltools.arm-none.linux64_1.17.0.201812190825/tools/compiler/bin/../lib/gcc/arm-none-eabi/7.3.1/../../../../arm-none-eabi/lib/thumb/v7-m/libc.a(lib_a-__atexit.o)
